#
# There is insufficient memory for the Java Runtime Environment to continue.
# Native memory allocation (malloc) failed to allocate 90096 bytes. Error detail: Chunk::new
# Possible reasons:
#   The system is out of physical RAM or swap space
#   This process is running with CompressedOops enabled, and the Java Heap may be blocking the growth of the native heap
# Possible solutions:
#   Reduce memory load on the system
#   Increase physical memory or swap space
#   Check if swap backing store is full
#   Decrease Java heap size (-Xmx/-Xms)
#   Decrease number of Java threads
#   Decrease Java thread stack sizes (-Xss)
#   Set larger code cache with -XX:ReservedCodeCacheSize=
#   JVM is running with Unscaled Compressed Oops mode in which the Java heap is
#     placed in the first 4GB address space. The Java Heap base address is the
#     maximum limit for the native heap growth. Please use -XX:HeapBaseMinAddress
#     to set the Java Heap base and to place the Java Heap above 4GB virtual address.
# This output file may be truncated or incomplete.
#
#  Out of Memory Error (arena.cpp:149), pid=23724, tid=13668
#
# JRE version: Java(TM) SE Runtime Environment (23.0.2+7) (build 23.0.2+7-58)
# Java VM: Java HotSpot(TM) 64-Bit Server VM (23.0.2+7-58, mixed mode, sharing, tiered, compressed oops, compressed class ptrs, g1 gc, windows-amd64)
# No core dump will be written. Minidumps are not enabled by default on client versions of Windows
#

---------------  S U M M A R Y ------------

Command Line: -Xms64m -Xmx512m com.gimnasio.SistemaGimnasio

Host: 12th Gen Intel(R) Core(TM) i3-1215U, 8 cores, 7G,  Windows 11 , 64 bit Build 26100 (10.0.26100.9549)
Time: Sun Oct  4 12:59:17 2026 Hora est. Pacífico, Sudamérica elapsed time: 0.261282 seconds (0d 0h 0m 0s)

---------------  T H R E A D  ---------------

Current thread (0x000001d51fce0fd0):  JavaThread "C2 CompilerThread0" daemon [_thread_in_native, id=13668, stack(0x00000075acc00000,0x00000075acd00000) (1024K)]


Current CompileTask:
C2:261  549       4       java.lang.String::startsWith (123 bytes)

Stack: [0x00000075acc00000,0x00000075acd00000]
Native frames: (J=compiled Java code, j=interpreted, Vv=VM code, C=native code)
V  [jvm.dll+0x6e0b99]  (no source info available)
V  [jvm.dll+0x87e2b3]  (no source info available)
V  [jvm.dll+0x88073e]  (no source info available)
V  [jvm.dll+0x880e13]  (no source info available)
V  [jvm.dll+0x27b006]  (no source info available)
V  [jvm.dll+0xbc06f]  (no source info available)
V  [jvm.dll+0xbc2cb]  (no source info available)
V  [jvm.dll+0x2eea6d]  (no source info available)
V  [jvm.dll+0x606669]  (no source info available)
V  [jvm.dll+0x24def2]  (no source info available)
V  [jvm.dll+0x24e2d5]  (no source info available)
V  [jvm.dll+0x246c54]  (no source info available)
V  [jvm.dll+0x243e04]  (no source info available)
V  [jvm.dll+0x1c34b0]  (no source info available)
V  [jvm.dll+0x253df1]  (no source info available)
V  [jvm.dll+0x2520aa]  (no source info available)
V  [jvm.dll+0x3ee226]  (no source info available)
V  [jvm.dll+0x8254cb]  (no source info available)
V  [jvm.dll+0x6df345]  (no source info available)
C  [ucrtbase.dll+0x2cd30]  (no source info available)
C  [KERNEL32.DLL+0x2cdf7]  (no source info available)
C  [ntdll.dll+0x7ee4c]  (no source info available)

Lock stack of current Java thread (top to bottom):


---------------  P R O C E S S  ---------------

Threads class SMR info:
_java_thread_list=0x000001d565371db0, length=15, elements={
0x000001d502ac13d0, 0x000001d51fcc6190, 0x000001d51fcc6800, 0x000001d51fccafc0,
0x000001d51fccde50, 0x000001d51fcdc4f0, 0x000001d51fcdcbb0, 0x000001d51fce0fd0,
0x000001d51fcf16a0, 0x000001d51fcdf310, 0x000001d51fcdf9a0, 0x000001d51fcddf60,
0x000001d51fce0030, 0x000001d51fcdd240, 0x000001d5653a56e0
}

Java Threads: ( => current thread )
  0x000001d502ac13d0 JavaThread "main"                              [_thread_in_vm, id=12372, stack(0x00000075abe00000,0x00000075abf00000) (1024K)]
  0x000001d51fcc6190 JavaThread "Reference Handler"          daemon [_thread_blocked, id=20072, stack(0x00000075ac600000,0x00000075ac700000) (1024K)]
  0x000001d51fcc6800 JavaThread "Finalizer"                  daemon [_thread_blocked, id=9060, stack(0x00000075ac700000,0x00000075ac800000) (1024K)]
  0x000001d51fccafc0 JavaThread "Signal Dispatcher"          daemon [_thread_blocked, id=5032, stack(0x00000075ac800000,0x00000075ac900000) (1024K)]
  0x000001d51fccde50 JavaThread "Attach Listener"            daemon [_thread_blocked, id=7808, stack(0x00000075ac900000,0x00000075aca00000) (1024K)]
  0x000001d51fcdc4f0 JavaThread "Service Thread"             daemon [_thread_blocked, id=14012, stack(0x00000075aca00000,0x00000075acb00000) (1024K)]
  0x000001d51fcdcbb0 JavaThread "Monitor Deflation Thread"   daemon [_thread_blocked, id=9972, stack(0x00000075acb00000,0x00000075acc00000) (1024K)]
=>0x000001d51fce0fd0 JavaThread "C2 CompilerThread0"         daemon [_thread_in_native, id=13668, stack(0x00000075acc00000,0x00000075acd00000) (1024K)]
  0x000001d51fcf16a0 JavaThread "C1 CompilerThread0"         daemon [_thread_in_native, id=9416, stack(0x00000075acd00000,0x00000075ace00000) (1024K)]
  0x000001d51fcdf310 JavaThread "Notification Thread"        daemon [_thread_blocked, id=10456, stack(0x00000075ace00000,0x00000075acf00000) (1024K)]
  0x000001d51fcdf9a0 JavaThread "Common-Cleaner"             daemon [_thread_blocked, id=24360, stack(0x00000075acf00000,0x00000075ad000000) (1024K)]
  0x000001d51fcddf60 JavaThread "Java2D Disposer"            daemon [_thread_blocked, id=22256, stack(0x00000075ad000000,0x00000075ad100000) (1024K)]
  0x000001d51fce0030 JavaThread "AWT-Shutdown"                      [_thread_blocked, id=25408, stack(0x00000075ad100000,0x00000075ad200000) (1024K)]
  0x000001d51fcdd240 JavaThread "AWT-Windows"                daemon [_thread_in_native, id=8692, stack(0x00000075ad200000,0x00000075ad300000) (1024K)]
  0x000001d5653a56e0 JavaThread "C2 CompilerThread1"         daemon [_thread_in_native, id=11536, stack(0x00000075ad300000,0x00000075ad400000) (1024K)]
Total: 15

Other Threads:
  0x000001d51fcae2d0 VMThread "VM Thread"                           [id=21712, stack(0x00000075ac500000,0x00000075ac600000) (1024K)]
  0x000001d51fc98780 WatcherThread "VM Periodic Task Thread"        [id=13924, stack(0x00000075ac400000,0x00000075ac500000) (1024K)]
  0x000001d504e95870 WorkerThread "GC Thread#0"                     [id=7404, stack(0x00000075abf00000,0x00000075ac000000) (1024K)]
  0x000001d504e9b960 ConcurrentGCThread "G1 Main Marker"            [id=22192, stack(0x00000075ac000000,0x00000075ac100000) (1024K)]
  0x000001d504e9d2f0 WorkerThread "G1 Conc#0"                       [id=24328, stack(0x00000075ac100000,0x00000075ac200000) (1024K)]
  0x000001d51fb710a0 ConcurrentGCThread "G1 Refine#0"               [id=18404, stack(0x00000075ac200000,0x00000075ac300000) (1024K)]
  0x000001d51fb715e0 ConcurrentGCThread "G1 Service"                [id=15624, stack(0x00000075ac300000,0x00000075ac400000) (1024K)]
Total: 7

Threads with active compile tasks:
C2 CompilerThread0  300  549       4       java.lang.String::startsWith (123 bytes)
C1 CompilerThread0  300  556   !   3       com.formdev.flatlaf.UIDefaultsLoader::parseValue (1702 bytes)
C2 CompilerThread1  300  564       4       java.lang.String::startsWith (7 bytes)
Total: 3

VM state: not at safepoint (normal execution)

VM Mutex/Monitor currently owned by a thread: None

Heap address: 0x00000000e0000000, size: 512 MB, Compressed Oops mode: 32-bit

CDS archive(s) mapped at: [0x000001d520000000-0x000001d520d70000-0x000001d520d70000), size 14090240, SharedBaseAddress: 0x000001d520000000, ArchiveRelocationMode: 1.
Compressed class space mapped at: 0x000001d521000000-0x000001d561000000, reserved size: 1073741824
Narrow klass base: 0x000001d520000000, Narrow klass shift: 0, Narrow klass range: 0x41000000

GC Precious Log:
 CardTable entry size: 512
 Card Set container configuration: InlinePtr #cards 5 size 8 Array Of Cards #cards 10 size 36 Howl #buckets 4 coarsen threshold 1843 Howl Bitmap #cards 512 size 80 coarsen threshold 460 Card regions per heap region 1 cards per card region 2048
 CPUs: 8 total, 8 available
 Memory: 7916M
 Large Page Support: Disabled
 NUMA Support: Disabled
 Compressed Oops: Enabled (32-bit)
 Heap Region Size: 1M
 Heap Min Capacity: 64M
 Heap Initial Capacity: 64M
 Heap Max Capacity: 512M
 Pre-touch: Disabled
 Parallel Workers: 8
 Concurrent Workers: 2
 Concurrent Refinement Workers: 8
 Periodic GC: Disabled

Heap:
 garbage-first heap   total reserved 524288K, committed 65536K, used 5120K [0x00000000e0000000, 0x0000000100000000)
  region size 1024K, 6 young (6144K), 0 survivors (0K)
 Metaspace       used 3891K, committed 4096K, reserved 1114112K
  class space    used 376K, committed 448K, reserved 1048576K

Heap Regions: E=young(eden), S=young(survivor), O=old, HS=humongous(starts), HC=humongous(continues), CS=collection set, F=free, TAMS=top-at-mark-start, PB=parsable bottom
|   0|0x00000000e0000000, 0x00000000e0000000, 0x00000000e0100000|  0%| F|  |TAMS 0x00000000e0000000| PB 0x00000000e0000000| Untracked |  0
|   1|0x00000000e0100000, 0x00000000e0100000, 0x00000000e0200000|  0%| F|  |TAMS 0x00000000e0100000| PB 0x00000000e0100000| Untracked |  0
|   2|0x00000000e0200000, 0x00000000e0200000, 0x00000000e0300000|  0%| F|  |TAMS 0x00000000e0200000| PB 0x00000000e0200000| Untracked |  0
|   3|0x00000000e0300000, 0x00000000e0300000, 0x00000000e0400000|  0%| F|  |TAMS 0x00000000e0300000| PB 0x00000000e0300000| Untracked |  0
|   4|0x00000000e0400000, 0x00000000e0400000, 0x00000000e0500000|  0%| F|  |TAMS 0x00000000e0400000| PB 0x00000000e0400000| Untracked |  0
|   5|0x00000000e0500000, 0x00000000e0500000, 0x00000000e0600000|  0%| F|  |TAMS 0x00000000e0500000| PB 0x00000000e0500000| Untracked |  0
|   6|0x00000000e0600000, 0x00000000e0600000, 0x00000000e0700000|  0%| F|  |TAMS 0x00000000e0600000| PB 0x00000000e0600000| Untracked |  0
|   7|0x00000000e0700000, 0x00000000e0700000, 0x00000000e0800000|  0%| F|  |TAMS 0x00000000e0700000| PB 0x00000000e0700000| Untracked |  0
|   8|0x00000000e0800000, 0x00000000e0800000, 0x00000000e0900000|  0%| F|  |TAMS 0x00000000e0800000| PB 0x00000000e0800000| Untracked |  0
|   9|0x00000000e0900000, 0x00000000e0900000, 0x00000000e0a00000|  0%| F|  |TAMS 0x00000000e0900000| PB 0x00000000e0900000| Untracked |  0
|  10|0x00000000e0a00000, 0x00000000e0a00000, 0x00000000e0b00000|  0%| F|  |TAMS 0x00000000e0a00000| PB 0x00000000e0a00000| Untracked |  0
|  11|0x00000000e0b00000, 0x00000000e0b00000, 0x00000000e0c00000|  0%| F|  |TAMS 0x00000000e0b00000| PB 0x00000000e0b00000| Untracked |  0
|  12|0x00000000e0c00000, 0x00000000e0c00000, 0x00000000e0d00000|  0%| F|  |TAMS 0x00000000e0c00000| PB 0x00000000e0c00000| Untracked |  0
|  13|0x00000000e0d00000, 0x00000000e0d00000, 0x00000000e0e00000|  0%| F|  |TAMS 0x00000000e0d00000| PB 0x00000000e0d00000| Untracked |  0
|  14|0x00000000e0e00000, 0x00000000e0e00000, 0x00000000e0f00000|  0%| F|  |TAMS 0x00000000e0e00000| PB 0x00000000e0e00000| Untracked |  0
|  15|0x00000000e0f00000, 0x00000000e0f00000, 0x00000000e1000000|  0%| F|  |TAMS 0x00000000e0f00000| PB 0x00000000e0f00000| Untracked |  0
|  16|0x00000000e1000000, 0x00000000e1000000, 0x00000000e1100000|  0%| F|  |TAMS 0x00000000e1000000| PB 0x00000000e1000000| Untracked |  0
|  17|0x00000000e1100000, 0x00000000e1100000, 0x00000000e1200000|  0%| F|  |TAMS 0x00000000e1100000| PB 0x00000000e1100000| Untracked |  0
|  18|0x00000000e1200000, 0x00000000e1200000, 0x00000000e1300000|  0%| F|  |TAMS 0x00000000e1200000| PB 0x00000000e1200000| Untracked |  0
|  19|0x00000000e1300000, 0x00000000e1300000, 0x00000000e1400000|  0%| F|  |TAMS 0x00000000e1300000| PB 0x00000000e1300000| Untracked |  0
|  20|0x00000000e1400000, 0x00000000e1400000, 0x00000000e1500000|  0%| F|  |TAMS 0x00000000e1400000| PB 0x00000000e1400000| Untracked |  0
|  21|0x00000000e1500000, 0x00000000e1500000, 0x00000000e1600000|  0%| F|  |TAMS 0x00000000e1500000| PB 0x00000000e1500000| Untracked |  0
|  22|0x00000000e1600000, 0x00000000e1600000, 0x00000000e1700000|  0%| F|  |TAMS 0x00000000e1600000| PB 0x00000000e1600000| Untracked |  0
|  23|0x00000000e1700000, 0x00000000e1700000, 0x00000000e1800000|  0%| F|  |TAMS 0x00000000e1700000| PB 0x00000000e1700000| Untracked |  0
|  24|0x00000000e1800000, 0x00000000e1800000, 0x00000000e1900000|  0%| F|  |TAMS 0x00000000e1800000| PB 0x00000000e1800000| Untracked |  0
|  25|0x00000000e1900000, 0x00000000e1900000, 0x00000000e1a00000|  0%| F|  |TAMS 0x00000000e1900000| PB 0x00000000e1900000| Untracked |  0
|  26|0x00000000e1a00000, 0x00000000e1a00000, 0x00000000e1b00000|  0%| F|  |TAMS 0x00000000e1a00000| PB 0x00000000e1a00000| Untracked |  0
|  27|0x00000000e1b00000, 0x00000000e1b00000, 0x00000000e1c00000|  0%| F|  |TAMS 0x00000000e1b00000| PB 0x00000000e1b00000| Untracked |  0
|  28|0x00000000e1c00000, 0x00000000e1c00000, 0x00000000e1d00000|  0%| F|  |TAMS 0x00000000e1c00000| PB 0x00000000e1c00000| Untracked |  0
|  29|0x00000000e1d00000, 0x00000000e1d00000, 0x00000000e1e00000|  0%| F|  |TAMS 0x00000000e1d00000| PB 0x00000000e1d00000| Untracked |  0
|  30|0x00000000e1e00000, 0x00000000e1e00000, 0x00000000e1f00000|  0%| F|  |TAMS 0x00000000e1e00000| PB 0x00000000e1e00000| Untracked |  0
|  31|0x00000000e1f00000, 0x00000000e1f00000, 0x00000000e2000000|  0%| F|  |TAMS 0x00000000e1f00000| PB 0x00000000e1f00000| Untracked |  0
|  32|0x00000000e2000000, 0x00000000e2000000, 0x00000000e2100000|  0%| F|  |TAMS 0x00000000e2000000| PB 0x00000000e2000000| Untracked |  0
|  33|0x00000000e2100000, 0x00000000e2100000, 0x00000000e2200000|  0%| F|  |TAMS 0x00000000e2100000| PB 0x00000000e2100000| Untracked |  0
|  34|0x00000000e2200000, 0x00000000e2200000, 0x00000000e2300000|  0%| F|  |TAMS 0x00000000e2200000| PB 0x00000000e2200000| Untracked |  0
|  35|0x00000000e2300000, 0x00000000e2300000, 0x00000000e2400000|  0%| F|  |TAMS 0x00000000e2300000| PB 0x00000000e2300000| Untracked |  0
|  36|0x00000000e2400000, 0x00000000e2400000, 0x00000000e2500000|  0%| F|  |TAMS 0x00000000e2400000| PB 0x00000000e2400000| Untracked |  0
|  37|0x00000000e2500000, 0x00000000e2500000, 0x00000000e2600000|  0%| F|  |TAMS 0x00000000e2500000| PB 0x00000000e2500000| Untracked |  0
|  38|0x00000000e2600000, 0x00000000e2600000, 0x00000000e2700000|  0%| F|  |TAMS 0x00000000e2600000| PB 0x00000000e2600000| Untracked |  0
|  39|0x00000000e2700000, 0x00000000e2700000, 0x00000000e2800000|  0%| F|  |TAMS 0x00000000e2700000| PB 0x00000000e2700000| Untracked |  0
|  40|0x00000000e2800000, 0x00000000e2800000, 0x00000000e2900000|  0%| F|  |TAMS 0x00000000e2800000| PB 0x00000000e2800000| Untracked |  0
|  41|0x00000000e2900000, 0x00000000e2900000, 0x00000000e2a00000|  0%| F|  |TAMS 0x00000000e2900000| PB 0x00000000e2900000| Untracked |  0
|  42|0x00000000e2a00000, 0x00000000e2a00000, 0x00000000e2b00000|  0%| F|  |TAMS 0x00000000e2a00000| PB 0x00000000e2a00000| Untracked |  0
|  43|0x00000000e2b00000, 0x00000000e2b00000, 0x00000000e2c00000|  0%| F|  |TAMS 0x00000000e2b00000| PB 0x00000000e2b00000| Untracked |  0
|  44|0x00000000e2c00000, 0x00000000e2c00000, 0x00000000e2d00000|  0%| F|  |TAMS 0x00000000e2c00000| PB 0x00000000e2c00000| Untracked |  0
|  45|0x00000000e2d00000, 0x00000000e2d00000, 0x00000000e2e00000|  0%| F|  |TAMS 0x00000000e2d00000| PB 0x00000000e2d00000| Untracked |  0
|  46|0x00000000e2e00000, 0x00000000e2e00000, 0x00000000e2f00000|  0%| F|  |TAMS 0x00000000e2e00000| PB 0x00000000e2e00000| Untracked |  0
|  47|0x00000000e2f00000, 0x00000000e2f00000, 0x00000000e3000000|  0%| F|  |TAMS 0x00000000e2f00000| PB 0x00000000e2f00000| Untracked |  0
|  48|0x00000000e3000000, 0x00000000e3000000, 0x00000000e3100000|  0%| F|  |TAMS 0x00000000e3000000| PB 0x00000000e3000000| Untracked |  0
|  49|0x00000000e3100000, 0x00000000e3100000, 0x00000000e3200000|  0%| F|  |TAMS 0x00000000e3100000| PB 0x00000000e3100000| Untracked |  0
|  50|0x00000000e3200000, 0x00000000e3200000, 0x00000000e3300000|  0%| F|  |TAMS 0x00000000e3200000| PB 0x00000000e3200000| Untracked |  0
|  51|0x00000000e3300000, 0x00000000e3300000, 0x00000000e3400000|  0%| F|  |TAMS 0x00000000e3300000| PB 0x00000000e3300000| Untracked |  0
|  52|0x00000000e3400000, 0x00000000e3400000, 0x00000000e3500000|  0%| F|  |TAMS 0x00000000e3400000| PB 0x00000000e3400000| Untracked |  0
|  53|0x00000000e3500000, 0x00000000e3500000, 0x00000000e3600000|  0%| F|  |TAMS 0x00000000e3500000| PB 0x00000000e3500000| Untracked |  0
|  54|0x00000000e3600000, 0x00000000e3600000, 0x00000000e3700000|  0%| F|  |TAMS 0x00000000e3600000| PB 0x00000000e3600000| Untracked |  0
|  55|0x00000000e3700000, 0x00000000e3700000, 0x00000000e3800000|  0%| F|  |TAMS 0x00000000e3700000| PB 0x00000000e3700000| Untracked |  0
|  56|0x00000000e3800000, 0x00000000e3800000, 0x00000000e3900000|  0%| F|  |TAMS 0x00000000e3800000| PB 0x00000000e3800000| Untracked |  0
|  57|0x00000000e3900000, 0x00000000e3900000, 0x00000000e3a00000|  0%| F|  |TAMS 0x00000000e3900000| PB 0x00000000e3900000| Untracked |  0
|  58|0x00000000e3a00000, 0x00000000e3af7c50, 0x00000000e3b00000| 96%| E|  |TAMS 0x00000000e3a00000| PB 0x00000000e3a00000| Complete |  0
|  59|0x00000000e3b00000, 0x00000000e3c00000, 0x00000000e3c00000|100%| E|CS|TAMS 0x00000000e3b00000| PB 0x00000000e3b00000| Complete |  0
|  60|0x00000000e3c00000, 0x00000000e3d00000, 0x00000000e3d00000|100%| E|CS|TAMS 0x00000000e3c00000| PB 0x00000000e3c00000| Complete |  0
|  61|0x00000000e3d00000, 0x00000000e3e00000, 0x00000000e3e00000|100%| E|CS|TAMS 0x00000000e3d00000| PB 0x00000000e3d00000| Complete |  0
|  62|0x00000000e3e00000, 0x00000000e3f00000, 0x00000000e3f00000|100%| E|CS|TAMS 0x00000000e3e00000| PB 0x00000000e3e00000| Complete |  0
|  63|0x00000000e3f00000, 0x00000000e4000000, 0x00000000e4000000|100%| E|CS|TAMS 0x00000000e3f00000| PB 0x00000000e3f00000| Complete |  0

Card table byte_map: [0x000001d51c9e0000,0x000001d51cae0000] _byte_map_base: 0x000001d51c2e0000

Marking Bits: (CMBitMap*) 0x000001d504e95f80
 Bits: [0x000001d51cae0000, 0x000001d51d2e0000)

Polling page: 0x000001d502e70000

Metaspace:

Usage:
  Non-class:      3.43 MB used.
      Class:    376.30 KB used.
       Both:      3.80 MB used.

Virtual space:
  Non-class space:       64.00 MB reserved,       3.56 MB (  6%) committed,  1 nodes.
      Class space:        1.00 GB reserved,     448.00 KB ( <1%) committed,  1 nodes.
             Both:        1.06 GB reserved,       4.00 MB ( <1%) committed. 

Chunk freelists:
   Non-Class:  11.60 MB
       Class:  15.54 MB
        Both:  27.14 MB

MaxMetaspaceSize: unlimited
CompressedClassSpaceSize: 1.00 GB
Initial GC threshold: 21.00 MB
Current GC threshold: 21.00 MB
CDS: on
 - commit_granule_bytes: 65536.
 - commit_granule_words: 8192.
 - virtual_space_node_default_size: 8388608.
 - enlarge_chunks_in_place: 1.
 - use_allocation_guard: 0.


Internal statistics:

num_allocs_failed_limit: 0.
num_arena_births: 124.
num_arena_deaths: 0.
num_vsnodes_births: 2.
num_vsnodes_deaths: 0.
num_space_committed: 64.
num_space_uncommitted: 0.
num_chunks_returned_to_freelist: 0.
num_chunks_taken_from_freelist: 157.
num_chunk_merges: 0.
num_chunk_splits: 99.
num_chunks_enlarged: 53.
num_inconsistent_stats: 0.

CodeHeap 'non-profiled nmethods': size=120064Kb used=168Kb max_used=168Kb free=119895Kb
 bounds [0x000001d515070000, 0x000001d5152e0000, 0x000001d51c5b0000]
CodeHeap 'profiled nmethods': size=120000Kb used=620Kb max_used=620Kb free=119379Kb
 bounds [0x000001d50d5b0000, 0x000001d50d820000, 0x000001d514ae0000]
CodeHeap 'non-nmethods': size=5696Kb used=1414Kb max_used=1430Kb free=4281Kb
 bounds [0x000001d514ae0000, 0x000001d514d50000, 0x000001d515070000]
CodeCache: size=245760Kb, used=2202Kb, max_used=2218Kb, free=243555Kb
 total_blobs=1080, nmethods=562, adapters=424, full_count=0
Compilation: enabled, stopped_count=0, restarted_count=0

Compilation events (20 events):
Event: 0.250 Thread 0x000001d51fcf16a0 nmethod 554 0x000001d50d646d88 code [0x000001d50d647180, 0x000001d50d649718]
Event: 0.250 Thread 0x000001d5653a56e0 nmethod 511 0x000001d515098708 code [0x000001d515098800, 0x000001d5150989c0]
Event: 0.250 Thread 0x000001d51fcf16a0  563       3       com.formdev.flatlaf.util.StringUtils::trimBegin (23 bytes)
Event: 0.250 Thread 0x000001d5653a56e0  555       4       jdk.internal.util.ArraysSupport::mismatch (103 bytes)
Event: 0.250 Thread 0x000001d51fcf16a0 nmethod 563 0x000001d50d649808 code [0x000001d50d649980, 0x000001d50d649fa0]
Event: 0.250 Thread 0x000001d51fcf16a0  558       3       com.formdev.flatlaf.UIDefaultsLoader::parseColorOrFunction (20 bytes)
Event: 0.251 Thread 0x000001d51fcf16a0 nmethod 558 0x000001d50d64a008 code [0x000001d50d64a180, 0x000001d50d64a5d8]
Event: 0.251 Thread 0x000001d51fcf16a0  565       3       java.lang.Math::max (46 bytes)
Event: 0.251 Thread 0x000001d51fcf16a0 nmethod 565 0x000001d50d64a688 code [0x000001d50d64a7c0, 0x000001d50d64aad0]
Event: 0.251 Thread 0x000001d51fcf16a0  559       3       com.formdev.flatlaf.UIDefaultsLoader$$Lambda/0x000001d521014be8::apply (12 bytes)
Event: 0.251 Thread 0x000001d51fcf16a0 nmethod 559 0x000001d50d64ab08 code [0x000001d50d64ac40, 0x000001d50d64aec0]
Event: 0.251 Thread 0x000001d51fcf16a0  561       3       com.formdev.flatlaf.UIDefaultsLoader::lambda$loadDefaultsFromProperties$0 (6 bytes)
Event: 0.251 Thread 0x000001d51fcf16a0 nmethod 561 0x000001d50d64af08 code [0x000001d50d64b020, 0x000001d50d64b148]
Event: 0.251 Thread 0x000001d51fcf16a0  556   !   3       com.formdev.flatlaf.UIDefaultsLoader::parseValue (1702 bytes)
Event: 0.253 Thread 0x000001d5653a56e0 nmethod 555 0x000001d515099008 code [0x000001d515099120, 0x000001d515099388]
Event: 0.253 Thread 0x000001d5653a56e0  505       4       jdk.internal.jimage.ImageStringsReader::unmaskedHashCode (166 bytes)
Event: 0.254 Thread 0x000001d51fce0fd0 nmethod 500 0x000001d515099a08 code [0x000001d515099b00, 0x000001d515099d58]
Event: 0.254 Thread 0x000001d51fce0fd0  549       4       java.lang.String::startsWith (123 bytes)
Event: 0.256 Thread 0x000001d5653a56e0 nmethod 505 0x000001d515099d88 code [0x000001d515099ea0, 0x000001d51509a088]
Event: 0.256 Thread 0x000001d5653a56e0  564       4       java.lang.String::startsWith (7 bytes)

GC Heap History (0 events):
No events

Dll operation events (7 events):
Event: 0.007 Loaded shared library C:\Program Files\Java\jdk-23\bin\java.dll
Event: 0.034 Loaded shared library C:\Program Files\Java\jdk-23\bin\jsvml.dll
Event: 0.059 Loaded shared library C:\Program Files\Java\jdk-23\bin\net.dll
Event: 0.061 Loaded shared library C:\Program Files\Java\jdk-23\bin\nio.dll
Event: 0.064 Loaded shared library C:\Program Files\Java\jdk-23\bin\zip.dll
Event: 0.117 Loaded shared library C:\Program Files\Java\jdk-23\bin\jimage.dll
Event: 0.121 Loaded shared library C:\Program Files\Java\jdk-23\bin\awt.dll

Deoptimization events (4 events):
Event: 0.246 Thread 0x000001d502ac13d0 Uncommon trap: trap_request=0xffffff45 fr.pc=0x000001d51507c2d4 relative=0x0000000000000294
Event: 0.246 Thread 0x000001d502ac13d0 Uncommon trap: reason=unstable_if action=reinterpret pc=0x000001d51507c2d4 method=java.lang.String.hashCode()I @ 20 c2
Event: 0.246 Thread 0x000001d502ac13d0 DEOPT PACKING pc=0x000001d51507c2d4 sp=0x00000075abeff470
Event: 0.246 Thread 0x000001d502ac13d0 DEOPT UNPACKING pc=0x000001d514b34402 sp=0x00000075abeff408 mode 2

Classes loaded (20 events):
Event: 0.237 Loading class java/io/StreamTokenizer done
Event: 0.244 Loading class jdk/internal/math/FloatingDecimal
Event: 0.244 Loading class jdk/internal/math/FloatingDecimal done
Event: 0.244 Loading class jdk/internal/math/FloatingDecimal$ExceptionalBinaryToASCIIBuffer
Event: 0.245 Loading class jdk/internal/math/FloatingDecimal$BinaryToASCIIConverter
Event: 0.245 Loading class jdk/internal/math/FloatingDecimal$BinaryToASCIIConverter done
Event: 0.245 Loading class jdk/internal/math/FloatingDecimal$ExceptionalBinaryToASCIIBuffer done
Event: 0.245 Loading class jdk/internal/math/FloatingDecimal$BinaryToASCIIBuffer
Event: 0.245 Loading class jdk/internal/math/FloatingDecimal$BinaryToASCIIBuffer done
Event: 0.245 Loading class jdk/internal/math/FloatingDecimal$1
Event: 0.245 Loading class jdk/internal/math/FloatingDecimal$1 done
Event: 0.245 Loading class jdk/internal/math/FloatingDecimal$PreparedASCIIToBinaryBuffer
Event: 0.245 Loading class jdk/internal/math/FloatingDecimal$ASCIIToBinaryConverter
Event: 0.245 Loading class jdk/internal/math/FloatingDecimal$ASCIIToBinaryConverter done
Event: 0.245 Loading class jdk/internal/math/FloatingDecimal$PreparedASCIIToBinaryBuffer done
Event: 0.245 Loading class jdk/internal/math/FloatingDecimal$ASCIIToBinaryBuffer
Event: 0.245 Loading class jdk/internal/math/FloatingDecimal$ASCIIToBinaryBuffer done
Event: 0.248 Loading class java/util/Collections$SingletonList
Event: 0.248 Loading class java/util/Collections$SingletonList done
Event: 0.258 Loading class sun/font/FontManagerFactory

Classes unloaded (0 events):
No events

Classes redefined (0 events):
No events

Internal exceptions (8 events):
Event: 0.110 Thread 0x000001d502ac13d0 Exception <a 'java/lang/ClassNotFoundException'{0x00000000e3d496c8}: sun/awt/resources/spi/awtProvider> (0x00000000e3d496c8) 
thrown [s\open\src\hotspot\share\classfile\systemDictionary.cpp, line 313]
Event: 0.130 Thread 0x000001d502ac13d0 Exception <a 'java/io/FileNotFoundException'{0x00000000e3d92a38}> (0x00000000e3d92a38) 
thrown [s\open\src\hotspot\share\prims\jni.cpp, line 520]
Event: 0.135 Thread 0x000001d502ac13d0 Exception <a 'java/io/FileNotFoundException'{0x00000000e3dc0df8}> (0x00000000e3dc0df8) 
thrown [s\open\src\hotspot\share\prims\jni.cpp, line 520]
Event: 0.183 Thread 0x000001d502ac13d0 Exception <a 'java/lang/NoSuchMethodError'{0x00000000e3c2d1b0}: 'void java.lang.invoke.DirectMethodHandle$Holder.invokeSpecial(java.lang.Object, java.lang.Object, java.lang.Object)'> (0x00000000e3c2d1b0) 
thrown [s\open\src\hotspot\share\interpreter\linkResolver.cpp, line 796]
Event: 0.195 Thread 0x000001d502ac13d0 Exception <a 'java/lang/NoSuchMethodError'{0x00000000e3c57ab0}: 'void java.lang.invoke.DirectMethodHandle$Holder.invokeStatic(java.lang.Object, java.lang.Object)'> (0x00000000e3c57ab0) 
thrown [s\open\src\hotspot\share\interpreter\linkResolver.cpp, line 796]
Event: 0.205 Thread 0x000001d502ac13d0 Exception <a 'java/lang/NoSuchMethodError'{0x00000000e3b28ae0}: 'java.lang.Object java.lang.invoke.DirectMethodHandle$Holder.invokeStatic(java.lang.Object, int, java.lang.Object)'> (0x00000000e3b28ae0) 
thrown [s\open\src\hotspot\share\interpreter\linkResolver.cpp, line 796]
Event: 0.214 Thread 0x000001d502ac13d0 Exception <a 'java/lang/ClassNotFoundException'{0x00000000e3b715d8}: com/sun/swing/internal/plaf/basic/resources/spi/basicProvider> (0x00000000e3b715d8) 
thrown [s\open\src\hotspot\share\classfile\systemDictionary.cpp, line 313]
Event: 0.221 Thread 0x000001d502ac13d0 Exception <a 'java/lang/NoSuchMethodError'{0x00000000e3b920b8}: 'int java.lang.invoke.DirectMethodHandle$Holder.invokeStatic(java.lang.Object)'> (0x00000000e3b920b8) 
thrown [s\open\src\hotspot\share\interpreter\linkResolver.cpp, line 796]

VM Operations (4 events):
Event: 0.065 Executing VM operation: HandshakeAllThreads (Deoptimize)
Event: 0.065 Executing VM operation: HandshakeAllThreads (Deoptimize) done
Event: 0.178 Executing VM operation: HandshakeAllThreads (Deoptimize)
Event: 0.178 Executing VM operation: HandshakeAllThreads (Deoptimize) done

Memory protections (0 events):
No events

Nmethod flushes (0 events):
No events

Events (15 events):
Event: 0.020 Thread 0x000001d502ac13d0 Thread added: 0x000001d502ac13d0
Event: 0.029 Thread 0x000001d502ac13d0 Thread added: 0x000001d51fcc6190
Event: 0.029 Thread 0x000001d502ac13d0 Thread added: 0x000001d51fcc6800
Event: 0.029 Thread 0x000001d502ac13d0 Thread added: 0x000001d51fccafc0
Event: 0.029 Thread 0x000001d502ac13d0 Thread added: 0x000001d51fccde50
Event: 0.030 Thread 0x000001d502ac13d0 Thread added: 0x000001d51fcdc4f0
Event: 0.030 Thread 0x000001d502ac13d0 Thread added: 0x000001d51fcdcbb0
Event: 0.030 Thread 0x000001d502ac13d0 Thread added: 0x000001d51fce0fd0
Event: 0.030 Thread 0x000001d502ac13d0 Thread added: 0x000001d51fcf16a0
Event: 0.048 Thread 0x000001d502ac13d0 Thread added: 0x000001d51fcdf310
Event: 0.051 Thread 0x000001d502ac13d0 Thread added: 0x000001d51fcdf9a0
Event: 0.162 Thread 0x000001d502ac13d0 Thread added: 0x000001d51fcddf60
Event: 0.163 Thread 0x000001d502ac13d0 Thread added: 0x000001d51fce0030
Event: 0.164 Thread 0x000001d502ac13d0 Thread added: 0x000001d51fcdd240
Event: 0.246 Thread 0x000001d51fcf16a0 Thread added: 0x000001d5653a56e0


Dynamic libraries:
0x00007ff61f880000 - 0x00007ff61f890000 	C:\Program Files\Java\jdk-23\bin\java.exe
0x00007ff821840000 - 0x00007ff821aa7000 	C:\WINDOWS\SYSTEM32\ntdll.dll
0x00007ff8205d0000 - 0x00007ff82069b000 	C:\WINDOWS\System32\KERNEL32.DLL
0x00007ff81ed70000 - 0x00007ff81f171000 	C:\WINDOWS\System32\KERNELBASE.dll
0x00007ff81f400000 - 0x00007ff81f54c000 	C:\WINDOWS\System32\ucrtbase.dll
0x00007fffd2b90000 - 0x00007fffd2ba7000 	C:\Program Files\Java\jdk-23\bin\jli.dll
0x00007fffeadf0000 - 0x00007fffeae0b000 	C:\Program Files\Java\jdk-23\bin\VCRUNTIME140.dll
0x00007ff8206c0000 - 0x00007ff820897000 	C:\WINDOWS\System32\USER32.dll
0x00007ff81f3d0000 - 0x00007ff81f3f7000 	C:\WINDOWS\System32\win32u.dll
0x00007ff820990000 - 0x00007ff8209bb000 	C:\WINDOWS\System32\GDI32.dll
0x00007ff8032a0000 - 0x00007ff803530000 	C:\WINDOWS\WinSxS\amd64_microsoft.windows.common-controls_6595b64144ccf1df_6.0.26100.9549_none_3e0a0396e3330090\COMCTL32.dll
0x00007ff81eb00000 - 0x00007ff81ec28000 	C:\WINDOWS\System32\gdi32full.dll
0x00007ff81ec30000 - 0x00007ff81ecd3000 	C:\WINDOWS\System32\msvcp_win.dll
0x00007ff81f5a0000 - 0x00007ff81f649000 	C:\WINDOWS\System32\msvcrt.dll
0x00007ff81f560000 - 0x00007ff81f591000 	C:\WINDOWS\System32\IMM32.DLL
0x00007ff80b2a0000 - 0x00007ff80b2ac000 	C:\Program Files\Java\jdk-23\bin\vcruntime140_1.dll
0x00007fff9d1d0000 - 0x00007fff9d25e000 	C:\Program Files\Java\jdk-23\bin\msvcp140.dll
0x00007fff2e680000 - 0x00007fff2f3d0000 	C:\Program Files\Java\jdk-23\bin\server\jvm.dll
0x00007ff81f650000 - 0x00007ff81f70b000 	C:\WINDOWS\System32\ADVAPI32.dll
0x00007ff8209c0000 - 0x00007ff820a68000 	C:\WINDOWS\System32\sechost.dll
0x00007ff8213a0000 - 0x00007ff8214b8000 	C:\WINDOWS\System32\RPCRT4.dll
0x00007ff821310000 - 0x00007ff821391000 	C:\WINDOWS\System32\WS2_32.dll
0x00007ff815a30000 - 0x00007ff815a67000 	C:\WINDOWS\SYSTEM32\WINMM.dll
0x00007ff81e890000 - 0x00007ff81e8ee000 	C:\WINDOWS\SYSTEM32\POWRPROF.dll
0x00007ff803c80000 - 0x00007ff803c8b000 	C:\WINDOWS\SYSTEM32\VERSION.dll
0x00007ff81e870000 - 0x00007ff81e885000 	C:\WINDOWS\SYSTEM32\UMPDC.dll
0x00007ff81d6e0000 - 0x00007ff81d6fb000 	C:\WINDOWS\SYSTEM32\kernel.appcore.dll
0x00007fffd2d40000 - 0x00007fffd2d4a000 	C:\Program Files\Java\jdk-23\bin\jimage.dll
0x00007ff81b910000 - 0x00007ff81bb5c000 	C:\WINDOWS\SYSTEM32\DBGHELP.DLL
0x00007ff820e70000 - 0x00007ff8211fa000 	C:\WINDOWS\System32\combase.dll
0x00007ff8208a0000 - 0x00007ff820979000 	C:\WINDOWS\System32\OLEAUT32.dll
0x00007ffffb700000 - 0x00007ffffb73b000 	C:\WINDOWS\SYSTEM32\dbgcore.DLL
0x00007ff81ea40000 - 0x00007ff81eaec000 	C:\WINDOWS\System32\bcryptPrimitives.dll
0x00007fffd3b10000 - 0x00007fffd3b2e000 	C:\Program Files\Java\jdk-23\bin\java.dll
0x00007ff821660000 - 0x00007ff8217fa000 	C:\WINDOWS\System32\ole32.dll
0x00007ff81fe20000 - 0x00007ff8205bc000 	C:\WINDOWS\System32\SHELL32.dll
0x00007ff81c4a0000 - 0x00007ff81cd4d000 	C:\WINDOWS\SYSTEM32\windows.storage.dll
0x00007ff820d70000 - 0x00007ff820e69000 	C:\WINDOWS\System32\SHCORE.dll
0x00007ff81f780000 - 0x00007ff81f7e6000 	C:\WINDOWS\System32\shlwapi.dll
0x00007ff81e950000 - 0x00007ff81e979000 	C:\WINDOWS\SYSTEM32\profapi.dll
0x00007fff78c90000 - 0x00007fff78d67000 	C:\Program Files\Java\jdk-23\bin\jsvml.dll
0x00007fffc3b40000 - 0x00007fffc3b50000 	C:\Program Files\Java\jdk-23\bin\net.dll
0x00007ff81dca0000 - 0x00007ff81dd0c000 	C:\WINDOWS\system32\mswsock.dll
0x00007fffa46d0000 - 0x00007fffa46e6000 	C:\Program Files\Java\jdk-23\bin\nio.dll
0x00007fffc5200000 - 0x00007fffc5217000 	C:\Program Files\Java\jdk-23\bin\zip.dll
0x00007fff2ffd0000 - 0x00007fff3015e000 	C:\Program Files\Java\jdk-23\bin\awt.dll
0x00007ff81b3b0000 - 0x00007ff81b44f000 	C:\WINDOWS\SYSTEM32\apphelp.dll
0x00007ff81b5b0000 - 0x00007ff81b657000 	C:\WINDOWS\system32\uxtheme.dll
0x00007ff8214c0000 - 0x00007ff82161c000 	C:\WINDOWS\System32\MSCTF.dll
0x00007ff81bb70000 - 0x00007ff81bb9e000 	C:\WINDOWS\system32\DWMAPI.DLL

dbghelp: loaded successfully - version: 4.0.5 - missing functions: none
symbol engine: initialized successfully - sym options: 0x614 - pdb path: .;C:\Program Files\Java\jdk-23\bin;C:\WINDOWS\SYSTEM32;C:\WINDOWS\WinSxS\amd64_microsoft.windows.common-controls_6595b64144ccf1df_6.0.26100.9549_none_3e0a0396e3330090;C:\Program Files\Java\jdk-23\bin\server

VM Arguments:
jvm_args: -Xms64m -Xmx512m 
java_command: com.gimnasio.SistemaGimnasio
java_class_path (initial): C:\Users\crist\OneDrive\Documentos\_Organizado\Proyectos\SistemaGimnasio\Codigo\SISTEMA GIMNASIO\target\classes;C:\Users\crist\.m2\repository\com\formdev\flatlaf\3.4.1\flatlaf-3.4.1.jar;C:\Users\crist\.m2\repository\org\xerial\sqlite-jdbc\3.45.2.0\sqlite-jdbc-3.45.2.0.jar;C:\Users\crist\.m2\repository\org\slf4j\slf4j-api\1.7.36\slf4j-api-1.7.36.jar
Launcher Type: SUN_STANDARD

[Global flags]
     intx CICompilerCount                          = 4                                         {product} {ergonomic}
     uint ConcGCThreads                            = 2                                         {product} {ergonomic}
     uint G1ConcRefinementThreads                  = 8                                         {product} {ergonomic}
   size_t G1HeapRegionSize                         = 1048576                                   {product} {ergonomic}
   size_t InitialHeapSize                          = 67108864                                  {product} {command line}
   size_t MarkStackSize                            = 4194304                                   {product} {ergonomic}
   size_t MarkStackSizeMax                         = 536870912                                 {product} {ergonomic}
   size_t MaxHeapSize                              = 536870912                                 {product} {command line}
   size_t MaxNewSize                               = 321912832                                 {product} {ergonomic}
   size_t MinHeapDeltaBytes                        = 1048576                                   {product} {ergonomic}
   size_t MinHeapSize                              = 67108864                                  {product} {command line}
    uintx NonNMethodCodeHeapSize                   = 5832704                                {pd product} {ergonomic}
    uintx NonProfiledCodeHeapSize                  = 122945536                              {pd product} {ergonomic}
    uintx ProfiledCodeHeapSize                     = 122880000                              {pd product} {ergonomic}
    uintx ReservedCodeCacheSize                    = 251658240                              {pd product} {ergonomic}
     bool SegmentedCodeCache                       = true                                      {product} {ergonomic}
   size_t SoftMaxHeapSize                          = 536870912                              {manageable} {ergonomic}
     bool UseCompressedOops                        = true                           {product lp64_product} {ergonomic}
     bool UseG1GC                                  = true                                      {product} {ergonomic}
     bool UseLargePagesIndividualAllocation        = false                                  {pd product} {ergonomic}

Logging:
Log output configuration:
 #0: stdout all=warning uptime,level,tags foldmultilines=false
 #1: stderr all=off uptime,level,tags foldmultilines=false

Environment Variables:
JAVA_HOME=C:\Program Files\Java\jdk-23
PATH=C:\Python314\Scripts\;C:\Python314\;C:\Program Files\Common Files\Oracle\Java\javapath;C:\Program Files (x86)\Common Files\Oracle\Java\javapath;C:\Program Files (x86)\NVIDIA Corporation\PhysX\Common;C:\WINDOWS\system32;C:\WINDOWS;C:\WINDOWS\System32\Wbem;C:\WINDOWS\System32\WindowsPowerShell\v1.0\;C:\WINDOWS\System32\OpenSSH\;C:\Program Files\dotnet\;C:\Program Files\nodejs\;C:\ProgramData\chocolatey\bin;C:\Program Files\Git\cmd;C:\Users\crist\AppData\Local\Programs\Python\Python312\Scripts\;C:\Users\crist\AppData\Local\Programs\Python\Python312\;C:\Users\crist\AppData\Local\Programs\Python\Python313\Scripts\;C:\Users\crist\AppData\Local\Programs\Python\Python313\;C:\Users\crist\AppData\Local\Microsoft\WindowsApps;C:\Users\crist\AppData\Local\Programs\Microsoft VS Code\bin;C:\Users\crist\AppData\Roaming\npm;C:\Users\crist\AppData\Local\Muse Hub\lib;C:\Users\crist\AppData\Local\Programs\Antigravity IDE\bin;C:\Users\crist\Downloads\Herramientas\NetBeans\netbeans\bin\
USERNAME=crist
OS=Windows_NT
PROCESSOR_IDENTIFIER=Intel64 Family 6 Model 154 Stepping 4, GenuineIntel
TMP=C:\Users\crist\AppData\Local\Temp
TEMP=C:\Users\crist\AppData\Local\Temp




Periodic native trim disabled

---------------  S Y S T E M  ---------------

OS:
 Windows 11 , 64 bit Build 26100 (10.0.26100.9549)
OS uptime: 1 days 1:07 hours

CPU: total 8 (initial active 8) (4 cores per cpu, 2 threads per core) family 6 model 154 stepping 4 microcode 0x435, cx8, cmov, fxsr, ht, mmx, 3dnowpref, sse, sse2, sse3, ssse3, sse4.1, sse4.2, popcnt, lzcnt, tsc, tscinvbit, avx, avx2, aes, erms, clmul, bmi1, bmi2, adx, sha, fma, vzeroupper, clflush, clflushopt, clwb, serialize, rdtscp, rdpid, fsrm, gfni, f16c, pku, cet_ibt, cet_ss
Processor Information for processor 0
  Max Mhz: 1200, Current Mhz: 1200, Mhz Limit: 1200
Processor Information for processor 1
  Max Mhz: 1200, Current Mhz: 1200, Mhz Limit: 1200
Processor Information for processor 2
  Max Mhz: 1200, Current Mhz: 1200, Mhz Limit: 1200
Processor Information for processor 3
  Max Mhz: 1200, Current Mhz: 1200, Mhz Limit: 1200
Processor Information for processor 4
  Max Mhz: 900, Current Mhz: 900, Mhz Limit: 900
Processor Information for processor 5
  Max Mhz: 900, Current Mhz: 900, Mhz Limit: 900
Processor Information for processor 6
  Max Mhz: 900, Current Mhz: 900, Mhz Limit: 900
Processor Information for processor 7
  Max Mhz: 900, Current Mhz: 900, Mhz Limit: 900

Memory: 4k page, system-wide physical 7916M (2211M free)
TotalPageFile size 16108M (AvailPageFile size 0M)
current process WorkingSet (physical memory assigned to process): 57M, peak: 57M
current process commit charge ("private bytes"): 155M, peak: 155M

vm_info: Java HotSpot(TM) 64-Bit Server VM (23.0.2+7-58) for windows-amd64 JRE (23.0.2+7-58), built on 2024-11-29T09:34:55Z with MS VC++ 17.6 (VS2022)

END.
