#
# There is insufficient memory for the Java Runtime Environment to continue.
# Native memory allocation (mmap) failed to map 130023424 bytes. Error detail: G1 virtual space
# Possible reasons:
#   The system is out of physical RAM or swap space
#   This process is running with CompressedOops enabled, and the Java Heap may be blocking the growth of the native heap
# Possible solutions:
#   Reduce memory load on the system
#   Increase physical memory or swap space
#   Check if swap backing store is full
#   Decrease Java heap size (-Xmx/-Xms)
#   Decrease number of Java threads
#   Decrease Java thread stack sizes (-Xss)
#   Set larger code cache with -XX:ReservedCodeCacheSize=
#   JVM is running with Unscaled Compressed Oops mode in which the Java heap is
#     placed in the first 4GB address space. The Java Heap base address is the
#     maximum limit for the native heap growth. Please use -XX:HeapBaseMinAddress
#     to set the Java Heap base and to place the Java Heap above 4GB virtual address.
# This output file may be truncated or incomplete.
#
#  Out of Memory Error (os_windows.cpp:3707), pid=11144, tid=9832
#
# JRE version:  (23.0.2+7) (build )
# Java VM: Java HotSpot(TM) 64-Bit Server VM (23.0.2+7-58, mixed mode, sharing, tiered, compressed oops, compressed class ptrs, g1 gc, windows-amd64)
# No core dump will be written. Minidumps are not enabled by default on client versions of Windows
#

---------------  S U M M A R Y ------------

Command Line: com.gimnasio.SistemaGimnasio

Host: 12th Gen Intel(R) Core(TM) i3-1215U, 8 cores, 7G,  Windows 11 , 64 bit Build 26100 (10.0.26100.9549)
Time: Sun Oct  4 12:57:06 2026 Hora est. Pacífico, Sudamérica elapsed time: 0.030018 seconds (0d 0h 0m 0s)

---------------  T H R E A D  ---------------

Current thread (0x000001dfb91cf470):  JavaThread "Unknown thread" [_thread_in_vm, id=9832, stack(0x0000004e63100000,0x0000004e63200000) (1024K)]

Stack: [0x0000004e63100000,0x0000004e63200000]
Native frames: (J=compiled Java code, j=interpreted, Vv=VM code, C=native code)
V  [jvm.dll+0x6e0b99]  (no source info available)
V  [jvm.dll+0x87e2b3]  (no source info available)
V  [jvm.dll+0x88073e]  (no source info available)
V  [jvm.dll+0x880e13]  (no source info available)
V  [jvm.dll+0x27b006]  (no source info available)
V  [jvm.dll+0x6dd485]  (no source info available)
V  [jvm.dll+0x6d127a]  (no source info available)
V  [jvm.dll+0x35b50a]  (no source info available)
V  [jvm.dll+0x363916]  (no source info available)
V  [jvm.dll+0x34fe7e]  (no source info available)
V  [jvm.dll+0x350118]  (no source info available)
V  [jvm.dll+0x328aec]  (no source info available)
V  [jvm.dll+0x32978e]  (no source info available)
V  [jvm.dll+0x8449a5]  (no source info available)
V  [jvm.dll+0x3b9a08]  (no source info available)
V  [jvm.dll+0x82d68c]  (no source info available)
V  [jvm.dll+0x454f2e]  (no source info available)
V  [jvm.dll+0x456db1]  (no source info available)
C  [jli.dll+0x52a3]  (no source info available)
C  [ucrtbase.dll+0x2cd30]  (no source info available)
C  [KERNEL32.DLL+0x2cdf7]  (no source info available)
C  [ntdll.dll+0x7ee4c]  (no source info available)

Lock stack of current Java thread (top to bottom):


---------------  P R O C E S S  ---------------

Threads class SMR info:
_java_thread_list=0x00007fff2f274618, length=0, elements={
}

Java Threads: ( => current thread )
Total: 0

Other Threads:
  0x000001dfb9221e70 WorkerThread "GC Thread#0"                     [id=13144, stack(0x0000004e63200000,0x0000004e63300000) (1024K)]
  0x000001dfb92377c0 ConcurrentGCThread "G1 Main Marker"            [id=15016, stack(0x0000004e63300000,0x0000004e63400000) (1024K)]
  0x000001dfb9239990 WorkerThread "G1 Conc#0"                       [id=11728, stack(0x0000004e63400000,0x0000004e63500000) (1024K)]

[error occurred during error reporting (printing all threads), id 0xc0000005, EXCEPTION_ACCESS_VIOLATION (0xc0000005) at pc=0x00007fff2e9bc0da]
VM state: not at safepoint (not fully initialized)

VM Mutex/Monitor currently owned by a thread:  ([mutex/lock_event])
[0x00007fff2f2f4988] Heap_lock - owner thread: 0x000001dfb91cf470

Heap address: 0x0000000084400000, size: 1980 MB, Compressed Oops mode: 32-bit

CDS archive(s) mapped at: [0x0000000000000000-0x0000000000000000-0x0000000000000000), size 0, SharedBaseAddress: 0x0000000800000000, ArchiveRelocationMode: 1.
Narrow klass base: 0x0000000000000000, Narrow klass shift: 0, Narrow klass range: 0x0

GC Precious Log:
 CardTable entry size: 512
 Card Set container configuration: InlinePtr #cards 5 size 8 Array Of Cards #cards 10 size 36 Howl #buckets 4 coarsen threshold 1843 Howl Bitmap #cards 512 size 80 coarsen threshold 460 Card regions per heap region 1 cards per card region 2048

Heap:
 garbage-first heap   total reserved 2027520K, committed 0K, used 0K [0x0000000084400000, 0x0000000100000000)
  region size 1024K, 0 young (0K), 0 survivors (0K)

[error occurred during error reporting (printing heap information), id 0xc0000005, EXCEPTION_ACCESS_VIOLATION (0xc0000005) at pc=0x00007fff2edbc6a9]
GC Heap History (0 events):
No events

Dll operation events (1 events):
Event: 0.006 Loaded shared library C:\Program Files\Java\jdk-23\bin\java.dll

Deoptimization events (0 events):
No events

Classes loaded (0 events):
No events

Classes unloaded (0 events):
No events

Classes redefined (0 events):
No events

Internal exceptions (0 events):
No events

VM Operations (0 events):
No events

Memory protections (0 events):
No events

Nmethod flushes (0 events):
No events

Events (0 events):
No events


Dynamic libraries:
0x00007ff61f880000 - 0x00007ff61f890000 	C:\Program Files\Java\jdk-23\bin\java.exe
0x00007ff821840000 - 0x00007ff821aa7000 	C:\WINDOWS\SYSTEM32\ntdll.dll
0x00007ff8205d0000 - 0x00007ff82069b000 	C:\WINDOWS\System32\KERNEL32.DLL
0x00007ff81ed70000 - 0x00007ff81f171000 	C:\WINDOWS\System32\KERNELBASE.dll
0x00007ff81f400000 - 0x00007ff81f54c000 	C:\WINDOWS\System32\ucrtbase.dll
0x00007fffd2b90000 - 0x00007fffd2ba7000 	C:\Program Files\Java\jdk-23\bin\jli.dll
0x00007fffeadf0000 - 0x00007fffeae0b000 	C:\Program Files\Java\jdk-23\bin\VCRUNTIME140.dll
0x00007ff8206c0000 - 0x00007ff820897000 	C:\WINDOWS\System32\USER32.dll
0x00007ff81f3d0000 - 0x00007ff81f3f7000 	C:\WINDOWS\System32\win32u.dll
0x00007ff8032a0000 - 0x00007ff803530000 	C:\WINDOWS\WinSxS\amd64_microsoft.windows.common-controls_6595b64144ccf1df_6.0.26100.9549_none_3e0a0396e3330090\COMCTL32.dll
0x00007ff820990000 - 0x00007ff8209bb000 	C:\WINDOWS\System32\GDI32.dll
0x00007ff81f5a0000 - 0x00007ff81f649000 	C:\WINDOWS\System32\msvcrt.dll
0x00007ff81eb00000 - 0x00007ff81ec28000 	C:\WINDOWS\System32\gdi32full.dll
0x00007ff81ec30000 - 0x00007ff81ecd3000 	C:\WINDOWS\System32\msvcp_win.dll
0x00007ff81f560000 - 0x00007ff81f591000 	C:\WINDOWS\System32\IMM32.DLL
0x00007ff80b2a0000 - 0x00007ff80b2ac000 	C:\Program Files\Java\jdk-23\bin\vcruntime140_1.dll
0x00007fff9d1d0000 - 0x00007fff9d25e000 	C:\Program Files\Java\jdk-23\bin\msvcp140.dll
0x00007fff2e680000 - 0x00007fff2f3d0000 	C:\Program Files\Java\jdk-23\bin\server\jvm.dll
0x00007ff81f650000 - 0x00007ff81f70b000 	C:\WINDOWS\System32\ADVAPI32.dll
0x00007ff8209c0000 - 0x00007ff820a68000 	C:\WINDOWS\System32\sechost.dll
0x00007ff8213a0000 - 0x00007ff8214b8000 	C:\WINDOWS\System32\RPCRT4.dll
0x00007ff821310000 - 0x00007ff821391000 	C:\WINDOWS\System32\WS2_32.dll
0x00007ff81e890000 - 0x00007ff81e8ee000 	C:\WINDOWS\SYSTEM32\POWRPROF.dll
0x00007ff803c80000 - 0x00007ff803c8b000 	C:\WINDOWS\SYSTEM32\VERSION.dll
0x00007ff815a30000 - 0x00007ff815a67000 	C:\WINDOWS\SYSTEM32\WINMM.dll
0x00007ff81e870000 - 0x00007ff81e885000 	C:\WINDOWS\SYSTEM32\UMPDC.dll
0x00007ff81d6e0000 - 0x00007ff81d6fb000 	C:\WINDOWS\SYSTEM32\kernel.appcore.dll
0x00007fffd2d40000 - 0x00007fffd2d4a000 	C:\Program Files\Java\jdk-23\bin\jimage.dll
0x00007ff81b910000 - 0x00007ff81bb5c000 	C:\WINDOWS\SYSTEM32\DBGHELP.DLL
0x00007ff820e70000 - 0x00007ff8211fa000 	C:\WINDOWS\System32\combase.dll
0x00007ff8208a0000 - 0x00007ff820979000 	C:\WINDOWS\System32\OLEAUT32.dll
0x00007ffffb700000 - 0x00007ffffb73b000 	C:\WINDOWS\SYSTEM32\dbgcore.DLL
0x00007ff81ea40000 - 0x00007ff81eaec000 	C:\WINDOWS\System32\bcryptPrimitives.dll
0x00007fffd3b10000 - 0x00007fffd3b2e000 	C:\Program Files\Java\jdk-23\bin\java.dll
0x00007ff821660000 - 0x00007ff8217fa000 	C:\WINDOWS\System32\ole32.dll
0x00007ff81fe20000 - 0x00007ff8205bc000 	C:\WINDOWS\System32\SHELL32.dll

dbghelp: loaded successfully - version: 4.0.5 - missing functions: none
symbol engine: initialized successfully - sym options: 0x614 - pdb path: .;C:\Program Files\Java\jdk-23\bin;C:\WINDOWS\SYSTEM32;C:\WINDOWS\WinSxS\amd64_microsoft.windows.common-controls_6595b64144ccf1df_6.0.26100.9549_none_3e0a0396e3330090;C:\Program Files\Java\jdk-23\bin\server

VM Arguments:
java_command: com.gimnasio.SistemaGimnasio
java_class_path (initial): C:\Users\crist\OneDrive\Documentos\_Organizado\Proyectos\SistemaGimnasio\Codigo\SISTEMA GIMNASIO\target\classes;C:\Users\crist\.m2\repository\com\formdev\flatlaf\3.4.1\flatlaf-3.4.1.jar;C:\Users\crist\.m2\repository\org\xerial\sqlite-jdbc\3.45.2.0\sqlite-jdbc-3.45.2.0.jar;C:\Users\crist\.m2\repository\org\slf4j\slf4j-api\1.7.36\slf4j-api-1.7.36.jar
Launcher Type: SUN_STANDARD

[Global flags]
     intx CICompilerCount                          = 4                                         {product} {ergonomic}
     uint ConcGCThreads                            = 2                                         {product} {ergonomic}
     uint G1ConcRefinementThreads                  = 8                                         {product} {ergonomic}
   size_t G1HeapRegionSize                         = 1048576                                   {product} {ergonomic}
   size_t InitialHeapSize                          = 130023424                                 {product} {ergonomic}
   size_t MarkStackSize                            = 4194304                                   {product} {ergonomic}
   size_t MarkStackSizeMax                         = 536870912                                 {product} {ergonomic}
   size_t MaxHeapSize                              = 2076180480                                {product} {ergonomic}
   size_t MinHeapDeltaBytes                        = 1048576                                   {product} {ergonomic}
   size_t MinHeapSize                              = 8388608                                   {product} {ergonomic}
    uintx NonNMethodCodeHeapSize                   = 5832704                                {pd product} {ergonomic}
    uintx NonProfiledCodeHeapSize                  = 122945536                              {pd product} {ergonomic}
    uintx ProfiledCodeHeapSize                     = 122880000                              {pd product} {ergonomic}
    uintx ReservedCodeCacheSize                    = 251658240                              {pd product} {ergonomic}
     bool SegmentedCodeCache                       = true                                      {product} {ergonomic}
   size_t SoftMaxHeapSize                          = 2076180480                             {manageable} {ergonomic}
     bool UseCompressedOops                        = true                           {product lp64_product} {ergonomic}
     bool UseG1GC                                  = true                                      {product} {ergonomic}
     bool UseLargePagesIndividualAllocation        = false                                  {pd product} {ergonomic}

Logging:
Log output configuration:
 #0: stdout all=warning uptime,level,tags foldmultilines=false
 #1: stderr all=off uptime,level,tags foldmultilines=false

Environment Variables:
JAVA_HOME=C:\Program Files\Java\jdk-23
PATH=C:\Python314\Scripts\;C:\Python314\;C:\Program Files\Common Files\Oracle\Java\javapath;C:\Program Files (x86)\Common Files\Oracle\Java\javapath;C:\Program Files (x86)\NVIDIA Corporation\PhysX\Common;C:\WINDOWS\system32;C:\WINDOWS;C:\WINDOWS\System32\Wbem;C:\WINDOWS\System32\WindowsPowerShell\v1.0\;C:\WINDOWS\System32\OpenSSH\;C:\Program Files\dotnet\;C:\Program Files\nodejs\;C:\ProgramData\chocolatey\bin;C:\Program Files\Git\cmd;C:\Users\crist\AppData\Local\Programs\Python\Python312\Scripts\;C:\Users\crist\AppData\Local\Programs\Python\Python312\;C:\Users\crist\AppData\Local\Programs\Python\Python313\Scripts\;C:\Users\crist\AppData\Local\Programs\Python\Python313\;C:\Users\crist\AppData\Local\Microsoft\WindowsApps;C:\Users\crist\AppData\Local\Programs\Microsoft VS Code\bin;C:\Users\crist\AppData\Roaming\npm;C:\Users\crist\AppData\Local\Muse Hub\lib;C:\Users\crist\AppData\Local\Programs\Antigravity IDE\bin;C:\Users\crist\Downloads\Herramientas\NetBeans\netbeans\bin\
USERNAME=crist
OS=Windows_NT
PROCESSOR_IDENTIFIER=Intel64 Family 6 Model 154 Stepping 4, GenuineIntel
TMP=C:\Users\crist\AppData\Local\Temp
TEMP=C:\Users\crist\AppData\Local\Temp




Periodic native trim disabled

---------------  S Y S T E M  ---------------

OS:
 Windows 11 , 64 bit Build 26100 (10.0.26100.9549)
OS uptime: 1 days 1:04 hours

CPU: total 8 (initial active 8) (4 cores per cpu, 2 threads per core) family 6 model 154 stepping 4 microcode 0x435, cx8, cmov, fxsr, ht, mmx, 3dnowpref, sse, sse2, sse3, ssse3, sse4.1, sse4.2, popcnt, lzcnt, tsc, tscinvbit, avx, avx2, aes, erms, clmul, bmi1, bmi2, adx, sha, fma, vzeroupper, clflush, clflushopt, clwb, serialize, rdtscp, rdpid, fsrm, gfni, f16c, pku, cet_ibt, cet_ss
Processor Information for processor 0
  Max Mhz: 1200, Current Mhz: 1200, Mhz Limit: 1200
Processor Information for processor 1
  Max Mhz: 1200, Current Mhz: 1200, Mhz Limit: 1200
Processor Information for processor 2
  Max Mhz: 1200, Current Mhz: 1200, Mhz Limit: 1200
Processor Information for processor 3
  Max Mhz: 1200, Current Mhz: 1200, Mhz Limit: 1200
Processor Information for processor 4
  Max Mhz: 900, Current Mhz: 900, Mhz Limit: 900
Processor Information for processor 5
  Max Mhz: 900, Current Mhz: 900, Mhz Limit: 900
Processor Information for processor 6
  Max Mhz: 900, Current Mhz: 900, Mhz Limit: 900
Processor Information for processor 7
  Max Mhz: 900, Current Mhz: 900, Mhz Limit: 900

Memory: 4k page, system-wide physical 7916M (729M free)
TotalPageFile size 16108M (AvailPageFile size 69M)
current process WorkingSet (physical memory assigned to process): 13M, peak: 13M
current process commit charge ("private bytes"): 60M, peak: 184M

vm_info: Java HotSpot(TM) 64-Bit Server VM (23.0.2+7-58) for windows-amd64 JRE (23.0.2+7-58), built on 2024-11-29T09:34:55Z with MS VC++ 17.6 (VS2022)

END.
