#
# There is insufficient memory for the Java Runtime Environment to continue.
# Native memory allocation (malloc) failed to allocate 204496 bytes. Error detail: Chunk::new
# Possible reasons:
#   The system is out of physical RAM or swap space
#   This process is running with CompressedOops enabled, and the Java Heap may be blocking the growth of the native heap
# Possible solutions:
#   Reduce memory load on the system
#   Increase physical memory or swap space
#   Check if swap backing store is full
#   Decrease Java heap size (-Xmx/-Xms)
#   Decrease number of Java threads
#   Decrease Java thread stack sizes (-Xss)
#   Set larger code cache with -XX:ReservedCodeCacheSize=
#   JVM is running with Unscaled Compressed Oops mode in which the Java heap is
#     placed in the first 4GB address space. The Java Heap base address is the
#     maximum limit for the native heap growth. Please use -XX:HeapBaseMinAddress
#     to set the Java Heap base and to place the Java Heap above 4GB virtual address.
# This output file may be truncated or incomplete.
#
#  Out of Memory Error (arena.cpp:149), pid=21560, tid=9968
#
# JRE version: Java(TM) SE Runtime Environment (23.0.2+7) (build 23.0.2+7-58)
# Java VM: Java HotSpot(TM) 64-Bit Server VM (23.0.2+7-58, mixed mode, sharing, tiered, compressed oops, compressed class ptrs, g1 gc, windows-amd64)
# No core dump will be written. Minidumps are not enabled by default on client versions of Windows
#

---------------  S U M M A R Y ------------

Command Line: com.gimnasio.SistemaGimnasio

Host: 12th Gen Intel(R) Core(TM) i3-1215U, 8 cores, 7G,  Windows 11 , 64 bit Build 26100 (10.0.26100.9549)
Time: Sun Oct  4 12:58:15 2026 Hora est. Pacífico, Sudamérica elapsed time: 0.596481 seconds (0d 0h 0m 0s)

---------------  T H R E A D  ---------------

Current thread (0x0000016554046340):  JavaThread "C2 CompilerThread0" daemon [_thread_in_native, id=9968, stack(0x00000028ae500000,0x00000028ae600000) (1024K)]


Current CompileTask:
C2:596 1127 % !   4       java.util.concurrent.ConcurrentHashMap::transfer @ 96 (849 bytes)

Stack: [0x00000028ae500000,0x00000028ae600000]
Native frames: (J=compiled Java code, j=interpreted, Vv=VM code, C=native code)
V  [jvm.dll+0x6e0b99]  (no source info available)
V  [jvm.dll+0x87e2b3]  (no source info available)
V  [jvm.dll+0x88073e]  (no source info available)
V  [jvm.dll+0x880e13]  (no source info available)
V  [jvm.dll+0x27b006]  (no source info available)
V  [jvm.dll+0xbc06f]  (no source info available)
V  [jvm.dll+0xbc2cb]  (no source info available)
V  [jvm.dll+0x2eea6d]  (no source info available)
V  [jvm.dll+0x606669]  (no source info available)
V  [jvm.dll+0x24def2]  (no source info available)
V  [jvm.dll+0x2461bc]  (no source info available)
V  [jvm.dll+0x243e04]  (no source info available)
V  [jvm.dll+0x1c34b0]  (no source info available)
V  [jvm.dll+0x253df1]  (no source info available)
V  [jvm.dll+0x2520aa]  (no source info available)
V  [jvm.dll+0x3ee226]  (no source info available)
V  [jvm.dll+0x8254cb]  (no source info available)
V  [jvm.dll+0x6df345]  (no source info available)
C  [ucrtbase.dll+0x2cd30]  (no source info available)
C  [KERNEL32.DLL+0x2cdf7]  (no source info available)
C  [ntdll.dll+0x7ee4c]  (no source info available)

Lock stack of current Java thread (top to bottom):


---------------  P R O C E S S  ---------------

Threads class SMR info:
_java_thread_list=0x000001655540cc50, length=15, elements={
0x00000165540144b0, 0x0000016554014f10, 0x000001657bbcd340, 0x000001657bbcded0,
0x0000016554018fa0, 0x0000016554042b20, 0x0000016554046340, 0x000001655404ffa0,
0x000001655419f500, 0x00000165541a59a0, 0x00000165543901f0, 0x0000016554390d50,
0x00000165543918f0, 0x0000016555286180, 0x000001656c063b60
}

Java Threads: ( => current thread )
  0x00000165540144b0 JavaThread "Reference Handler"          daemon [_thread_blocked, id=10720, stack(0x00000028adf00000,0x00000028ae000000) (1024K)]
  0x0000016554014f10 JavaThread "Finalizer"                  daemon [_thread_blocked, id=11808, stack(0x00000028ae000000,0x00000028ae100000) (1024K)]
  0x000001657bbcd340 JavaThread "Signal Dispatcher"          daemon [_thread_blocked, id=7788, stack(0x00000028ae100000,0x00000028ae200000) (1024K)]
  0x000001657bbcded0 JavaThread "Attach Listener"            daemon [_thread_blocked, id=8208, stack(0x00000028ae200000,0x00000028ae300000) (1024K)]
  0x0000016554018fa0 JavaThread "Service Thread"             daemon [_thread_blocked, id=6100, stack(0x00000028ae300000,0x00000028ae400000) (1024K)]
  0x0000016554042b20 JavaThread "Monitor Deflation Thread"   daemon [_thread_blocked, id=6280, stack(0x00000028ae400000,0x00000028ae500000) (1024K)]
=>0x0000016554046340 JavaThread "C2 CompilerThread0"         daemon [_thread_in_native, id=9968, stack(0x00000028ae500000,0x00000028ae600000) (1024K)]
  0x000001655404ffa0 JavaThread "C1 CompilerThread0"         daemon [_thread_blocked, id=16640, stack(0x00000028ae600000,0x00000028ae700000) (1024K)]
  0x000001655419f500 JavaThread "Notification Thread"        daemon [_thread_blocked, id=15860, stack(0x00000028ae700000,0x00000028ae800000) (1024K)]
  0x00000165541a59a0 JavaThread "Common-Cleaner"             daemon [_thread_blocked, id=16236, stack(0x00000028ae800000,0x00000028ae900000) (1024K)]
  0x00000165543901f0 JavaThread "Java2D Disposer"            daemon [_thread_blocked, id=10504, stack(0x00000028ae900000,0x00000028aea00000) (1024K)]
  0x0000016554390d50 JavaThread "AWT-Shutdown"                      [_thread_blocked, id=25076, stack(0x00000028aea00000,0x00000028aeb00000) (1024K)]
  0x00000165543918f0 JavaThread "AWT-Windows"                daemon [_thread_in_native, id=3804, stack(0x00000028aeb00000,0x00000028aec00000) (1024K)]
  0x0000016555286180 JavaThread "AWT-EventQueue-0"                  [_thread_in_native, id=16416, stack(0x00000028aee00000,0x00000028aef00000) (1024K)]
  0x000001656c063b60 JavaThread "DestroyJavaVM"                     [_thread_blocked, id=12804, stack(0x00000028ad700000,0x00000028ad800000) (1024K)]
Total: 15

Other Threads:
  0x000001657bbb6fa0 VMThread "VM Thread"                           [id=7728, stack(0x00000028ade00000,0x00000028adf00000) (1024K)]
  0x000001657bb9f920 WatcherThread "VM Periodic Task Thread"        [id=1480, stack(0x00000028add00000,0x00000028ade00000) (1024K)]
  0x000001656e4c06f0 WorkerThread "GC Thread#0"                     [id=3112, stack(0x00000028ad800000,0x00000028ad900000) (1024K)]
  0x000001656e4f1de0 ConcurrentGCThread "G1 Main Marker"            [id=12680, stack(0x00000028ad900000,0x00000028ada00000) (1024K)]
  0x000001656e4f37a0 WorkerThread "G1 Conc#0"                       [id=4316, stack(0x00000028ada00000,0x00000028adb00000) (1024K)]
  0x000001656e52e8a0 ConcurrentGCThread "G1 Refine#0"               [id=20272, stack(0x00000028adb00000,0x00000028adc00000) (1024K)]
  0x000001657ba718d0 ConcurrentGCThread "G1 Service"                [id=21940, stack(0x00000028adc00000,0x00000028add00000) (1024K)]
Total: 7

Threads with active compile tasks:
C2 CompilerThread0  652 1127 % !   4       java.util.concurrent.ConcurrentHashMap::transfer @ 96 (849 bytes)
Total: 1

VM state: not at safepoint (normal execution)

VM Mutex/Monitor currently owned by a thread: None

Heap address: 0x0000000084400000, size: 1980 MB, Compressed Oops mode: 32-bit

CDS archive(s) mapped at: [0x000001650f000000-0x000001650fd70000-0x000001650fd70000), size 14090240, SharedBaseAddress: 0x000001650f000000, ArchiveRelocationMode: 1.
Compressed class space mapped at: 0x0000016510000000-0x0000016550000000, reserved size: 1073741824
Narrow klass base: 0x000001650f000000, Narrow klass shift: 0, Narrow klass range: 0x41000000

GC Precious Log:
 CardTable entry size: 512
 Card Set container configuration: InlinePtr #cards 5 size 8 Array Of Cards #cards 10 size 36 Howl #buckets 4 coarsen threshold 1843 Howl Bitmap #cards 512 size 80 coarsen threshold 460 Card regions per heap region 1 cards per card region 2048
 CPUs: 8 total, 8 available
 Memory: 7916M
 Large Page Support: Disabled
 NUMA Support: Disabled
 Compressed Oops: Enabled (32-bit)
 Heap Region Size: 1M
 Heap Min Capacity: 8M
 Heap Initial Capacity: 124M
 Heap Max Capacity: 1980M
 Pre-touch: Disabled
 Parallel Workers: 8
 Concurrent Workers: 2
 Concurrent Refinement Workers: 8
 Periodic GC: Disabled

Heap:
 garbage-first heap   total reserved 2027520K, committed 126976K, used 11264K [0x0000000084400000, 0x0000000100000000)
  region size 1024K, 12 young (12288K), 0 survivors (0K)
 Metaspace       used 8388K, committed 8576K, reserved 1114112K
  class space    used 927K, committed 1024K, reserved 1048576K

Heap Regions: E=young(eden), S=young(survivor), O=old, HS=humongous(starts), HC=humongous(continues), CS=collection set, F=free, TAMS=top-at-mark-start, PB=parsable bottom
|   0|0x0000000084400000, 0x0000000084400000, 0x0000000084500000|  0%| F|  |TAMS 0x0000000084400000| PB 0x0000000084400000| Untracked |  0
|   1|0x0000000084500000, 0x0000000084500000, 0x0000000084600000|  0%| F|  |TAMS 0x0000000084500000| PB 0x0000000084500000| Untracked |  0
|   2|0x0000000084600000, 0x0000000084600000, 0x0000000084700000|  0%| F|  |TAMS 0x0000000084600000| PB 0x0000000084600000| Untracked |  0
|   3|0x0000000084700000, 0x0000000084700000, 0x0000000084800000|  0%| F|  |TAMS 0x0000000084700000| PB 0x0000000084700000| Untracked |  0
|   4|0x0000000084800000, 0x0000000084800000, 0x0000000084900000|  0%| F|  |TAMS 0x0000000084800000| PB 0x0000000084800000| Untracked |  0
|   5|0x0000000084900000, 0x0000000084900000, 0x0000000084a00000|  0%| F|  |TAMS 0x0000000084900000| PB 0x0000000084900000| Untracked |  0
|   6|0x0000000084a00000, 0x0000000084a00000, 0x0000000084b00000|  0%| F|  |TAMS 0x0000000084a00000| PB 0x0000000084a00000| Untracked |  0
|   7|0x0000000084b00000, 0x0000000084b00000, 0x0000000084c00000|  0%| F|  |TAMS 0x0000000084b00000| PB 0x0000000084b00000| Untracked |  0
|   8|0x0000000084c00000, 0x0000000084c00000, 0x0000000084d00000|  0%| F|  |TAMS 0x0000000084c00000| PB 0x0000000084c00000| Untracked |  0
|   9|0x0000000084d00000, 0x0000000084d00000, 0x0000000084e00000|  0%| F|  |TAMS 0x0000000084d00000| PB 0x0000000084d00000| Untracked |  0
|  10|0x0000000084e00000, 0x0000000084e00000, 0x0000000084f00000|  0%| F|  |TAMS 0x0000000084e00000| PB 0x0000000084e00000| Untracked |  0
|  11|0x0000000084f00000, 0x0000000084f00000, 0x0000000085000000|  0%| F|  |TAMS 0x0000000084f00000| PB 0x0000000084f00000| Untracked |  0
|  12|0x0000000085000000, 0x0000000085000000, 0x0000000085100000|  0%| F|  |TAMS 0x0000000085000000| PB 0x0000000085000000| Untracked |  0
|  13|0x0000000085100000, 0x0000000085100000, 0x0000000085200000|  0%| F|  |TAMS 0x0000000085100000| PB 0x0000000085100000| Untracked |  0
|  14|0x0000000085200000, 0x0000000085200000, 0x0000000085300000|  0%| F|  |TAMS 0x0000000085200000| PB 0x0000000085200000| Untracked |  0
|  15|0x0000000085300000, 0x0000000085300000, 0x0000000085400000|  0%| F|  |TAMS 0x0000000085300000| PB 0x0000000085300000| Untracked |  0
|  16|0x0000000085400000, 0x0000000085400000, 0x0000000085500000|  0%| F|  |TAMS 0x0000000085400000| PB 0x0000000085400000| Untracked |  0
|  17|0x0000000085500000, 0x0000000085500000, 0x0000000085600000|  0%| F|  |TAMS 0x0000000085500000| PB 0x0000000085500000| Untracked |  0
|  18|0x0000000085600000, 0x0000000085600000, 0x0000000085700000|  0%| F|  |TAMS 0x0000000085600000| PB 0x0000000085600000| Untracked |  0
|  19|0x0000000085700000, 0x0000000085700000, 0x0000000085800000|  0%| F|  |TAMS 0x0000000085700000| PB 0x0000000085700000| Untracked |  0
|  20|0x0000000085800000, 0x0000000085800000, 0x0000000085900000|  0%| F|  |TAMS 0x0000000085800000| PB 0x0000000085800000| Untracked |  0
|  21|0x0000000085900000, 0x0000000085900000, 0x0000000085a00000|  0%| F|  |TAMS 0x0000000085900000| PB 0x0000000085900000| Untracked |  0
|  22|0x0000000085a00000, 0x0000000085a00000, 0x0000000085b00000|  0%| F|  |TAMS 0x0000000085a00000| PB 0x0000000085a00000| Untracked |  0
|  23|0x0000000085b00000, 0x0000000085b00000, 0x0000000085c00000|  0%| F|  |TAMS 0x0000000085b00000| PB 0x0000000085b00000| Untracked |  0
|  24|0x0000000085c00000, 0x0000000085c00000, 0x0000000085d00000|  0%| F|  |TAMS 0x0000000085c00000| PB 0x0000000085c00000| Untracked |  0
|  25|0x0000000085d00000, 0x0000000085d00000, 0x0000000085e00000|  0%| F|  |TAMS 0x0000000085d00000| PB 0x0000000085d00000| Untracked |  0
|  26|0x0000000085e00000, 0x0000000085e00000, 0x0000000085f00000|  0%| F|  |TAMS 0x0000000085e00000| PB 0x0000000085e00000| Untracked |  0
|  27|0x0000000085f00000, 0x0000000085f00000, 0x0000000086000000|  0%| F|  |TAMS 0x0000000085f00000| PB 0x0000000085f00000| Untracked |  0
|  28|0x0000000086000000, 0x0000000086000000, 0x0000000086100000|  0%| F|  |TAMS 0x0000000086000000| PB 0x0000000086000000| Untracked |  0
|  29|0x0000000086100000, 0x0000000086100000, 0x0000000086200000|  0%| F|  |TAMS 0x0000000086100000| PB 0x0000000086100000| Untracked |  0
|  30|0x0000000086200000, 0x0000000086200000, 0x0000000086300000|  0%| F|  |TAMS 0x0000000086200000| PB 0x0000000086200000| Untracked |  0
|  31|0x0000000086300000, 0x0000000086300000, 0x0000000086400000|  0%| F|  |TAMS 0x0000000086300000| PB 0x0000000086300000| Untracked |  0
|  32|0x0000000086400000, 0x0000000086400000, 0x0000000086500000|  0%| F|  |TAMS 0x0000000086400000| PB 0x0000000086400000| Untracked |  0
|  33|0x0000000086500000, 0x0000000086500000, 0x0000000086600000|  0%| F|  |TAMS 0x0000000086500000| PB 0x0000000086500000| Untracked |  0
|  34|0x0000000086600000, 0x0000000086600000, 0x0000000086700000|  0%| F|  |TAMS 0x0000000086600000| PB 0x0000000086600000| Untracked |  0
|  35|0x0000000086700000, 0x0000000086700000, 0x0000000086800000|  0%| F|  |TAMS 0x0000000086700000| PB 0x0000000086700000| Untracked |  0
|  36|0x0000000086800000, 0x0000000086800000, 0x0000000086900000|  0%| F|  |TAMS 0x0000000086800000| PB 0x0000000086800000| Untracked |  0
|  37|0x0000000086900000, 0x0000000086900000, 0x0000000086a00000|  0%| F|  |TAMS 0x0000000086900000| PB 0x0000000086900000| Untracked |  0
|  38|0x0000000086a00000, 0x0000000086a00000, 0x0000000086b00000|  0%| F|  |TAMS 0x0000000086a00000| PB 0x0000000086a00000| Untracked |  0
|  39|0x0000000086b00000, 0x0000000086b00000, 0x0000000086c00000|  0%| F|  |TAMS 0x0000000086b00000| PB 0x0000000086b00000| Untracked |  0
|  40|0x0000000086c00000, 0x0000000086c00000, 0x0000000086d00000|  0%| F|  |TAMS 0x0000000086c00000| PB 0x0000000086c00000| Untracked |  0
|  41|0x0000000086d00000, 0x0000000086d00000, 0x0000000086e00000|  0%| F|  |TAMS 0x0000000086d00000| PB 0x0000000086d00000| Untracked |  0
|  42|0x0000000086e00000, 0x0000000086e00000, 0x0000000086f00000|  0%| F|  |TAMS 0x0000000086e00000| PB 0x0000000086e00000| Untracked |  0
|  43|0x0000000086f00000, 0x0000000086f00000, 0x0000000087000000|  0%| F|  |TAMS 0x0000000086f00000| PB 0x0000000086f00000| Untracked |  0
|  44|0x0000000087000000, 0x0000000087000000, 0x0000000087100000|  0%| F|  |TAMS 0x0000000087000000| PB 0x0000000087000000| Untracked |  0
|  45|0x0000000087100000, 0x0000000087100000, 0x0000000087200000|  0%| F|  |TAMS 0x0000000087100000| PB 0x0000000087100000| Untracked |  0
|  46|0x0000000087200000, 0x0000000087200000, 0x0000000087300000|  0%| F|  |TAMS 0x0000000087200000| PB 0x0000000087200000| Untracked |  0
|  47|0x0000000087300000, 0x0000000087300000, 0x0000000087400000|  0%| F|  |TAMS 0x0000000087300000| PB 0x0000000087300000| Untracked |  0
|  48|0x0000000087400000, 0x0000000087400000, 0x0000000087500000|  0%| F|  |TAMS 0x0000000087400000| PB 0x0000000087400000| Untracked |  0
|  49|0x0000000087500000, 0x0000000087500000, 0x0000000087600000|  0%| F|  |TAMS 0x0000000087500000| PB 0x0000000087500000| Untracked |  0
|  50|0x0000000087600000, 0x0000000087600000, 0x0000000087700000|  0%| F|  |TAMS 0x0000000087600000| PB 0x0000000087600000| Untracked |  0
|  51|0x0000000087700000, 0x0000000087700000, 0x0000000087800000|  0%| F|  |TAMS 0x0000000087700000| PB 0x0000000087700000| Untracked |  0
|  52|0x0000000087800000, 0x0000000087800000, 0x0000000087900000|  0%| F|  |TAMS 0x0000000087800000| PB 0x0000000087800000| Untracked |  0
|  53|0x0000000087900000, 0x0000000087900000, 0x0000000087a00000|  0%| F|  |TAMS 0x0000000087900000| PB 0x0000000087900000| Untracked |  0
|  54|0x0000000087a00000, 0x0000000087a00000, 0x0000000087b00000|  0%| F|  |TAMS 0x0000000087a00000| PB 0x0000000087a00000| Untracked |  0
|  55|0x0000000087b00000, 0x0000000087b00000, 0x0000000087c00000|  0%| F|  |TAMS 0x0000000087b00000| PB 0x0000000087b00000| Untracked |  0
|  56|0x0000000087c00000, 0x0000000087c00000, 0x0000000087d00000|  0%| F|  |TAMS 0x0000000087c00000| PB 0x0000000087c00000| Untracked |  0
|  57|0x0000000087d00000, 0x0000000087d00000, 0x0000000087e00000|  0%| F|  |TAMS 0x0000000087d00000| PB 0x0000000087d00000| Untracked |  0
|  58|0x0000000087e00000, 0x0000000087e00000, 0x0000000087f00000|  0%| F|  |TAMS 0x0000000087e00000| PB 0x0000000087e00000| Untracked |  0
|  59|0x0000000087f00000, 0x0000000087f00000, 0x0000000088000000|  0%| F|  |TAMS 0x0000000087f00000| PB 0x0000000087f00000| Untracked |  0
|  60|0x0000000088000000, 0x0000000088000000, 0x0000000088100000|  0%| F|  |TAMS 0x0000000088000000| PB 0x0000000088000000| Untracked |  0
|  61|0x0000000088100000, 0x0000000088100000, 0x0000000088200000|  0%| F|  |TAMS 0x0000000088100000| PB 0x0000000088100000| Untracked |  0
|  62|0x0000000088200000, 0x0000000088200000, 0x0000000088300000|  0%| F|  |TAMS 0x0000000088200000| PB 0x0000000088200000| Untracked |  0
|  63|0x0000000088300000, 0x0000000088300000, 0x0000000088400000|  0%| F|  |TAMS 0x0000000088300000| PB 0x0000000088300000| Untracked |  0
|  64|0x0000000088400000, 0x0000000088400000, 0x0000000088500000|  0%| F|  |TAMS 0x0000000088400000| PB 0x0000000088400000| Untracked |  0
|  65|0x0000000088500000, 0x0000000088500000, 0x0000000088600000|  0%| F|  |TAMS 0x0000000088500000| PB 0x0000000088500000| Untracked |  0
|  66|0x0000000088600000, 0x0000000088600000, 0x0000000088700000|  0%| F|  |TAMS 0x0000000088600000| PB 0x0000000088600000| Untracked |  0
|  67|0x0000000088700000, 0x0000000088700000, 0x0000000088800000|  0%| F|  |TAMS 0x0000000088700000| PB 0x0000000088700000| Untracked |  0
|  68|0x0000000088800000, 0x0000000088800000, 0x0000000088900000|  0%| F|  |TAMS 0x0000000088800000| PB 0x0000000088800000| Untracked |  0
|  69|0x0000000088900000, 0x0000000088900000, 0x0000000088a00000|  0%| F|  |TAMS 0x0000000088900000| PB 0x0000000088900000| Untracked |  0
|  70|0x0000000088a00000, 0x0000000088a00000, 0x0000000088b00000|  0%| F|  |TAMS 0x0000000088a00000| PB 0x0000000088a00000| Untracked |  0
|  71|0x0000000088b00000, 0x0000000088b00000, 0x0000000088c00000|  0%| F|  |TAMS 0x0000000088b00000| PB 0x0000000088b00000| Untracked |  0
|  72|0x0000000088c00000, 0x0000000088c00000, 0x0000000088d00000|  0%| F|  |TAMS 0x0000000088c00000| PB 0x0000000088c00000| Untracked |  0
|  73|0x0000000088d00000, 0x0000000088d00000, 0x0000000088e00000|  0%| F|  |TAMS 0x0000000088d00000| PB 0x0000000088d00000| Untracked |  0
|  74|0x0000000088e00000, 0x0000000088e00000, 0x0000000088f00000|  0%| F|  |TAMS 0x0000000088e00000| PB 0x0000000088e00000| Untracked |  0
|  75|0x0000000088f00000, 0x0000000088f00000, 0x0000000089000000|  0%| F|  |TAMS 0x0000000088f00000| PB 0x0000000088f00000| Untracked |  0
|  76|0x0000000089000000, 0x0000000089000000, 0x0000000089100000|  0%| F|  |TAMS 0x0000000089000000| PB 0x0000000089000000| Untracked |  0
|  77|0x0000000089100000, 0x0000000089100000, 0x0000000089200000|  0%| F|  |TAMS 0x0000000089100000| PB 0x0000000089100000| Untracked |  0
|  78|0x0000000089200000, 0x0000000089200000, 0x0000000089300000|  0%| F|  |TAMS 0x0000000089200000| PB 0x0000000089200000| Untracked |  0
|  79|0x0000000089300000, 0x0000000089300000, 0x0000000089400000|  0%| F|  |TAMS 0x0000000089300000| PB 0x0000000089300000| Untracked |  0
|  80|0x0000000089400000, 0x0000000089400000, 0x0000000089500000|  0%| F|  |TAMS 0x0000000089400000| PB 0x0000000089400000| Untracked |  0
|  81|0x0000000089500000, 0x0000000089500000, 0x0000000089600000|  0%| F|  |TAMS 0x0000000089500000| PB 0x0000000089500000| Untracked |  0
|  82|0x0000000089600000, 0x0000000089600000, 0x0000000089700000|  0%| F|  |TAMS 0x0000000089600000| PB 0x0000000089600000| Untracked |  0
|  83|0x0000000089700000, 0x0000000089700000, 0x0000000089800000|  0%| F|  |TAMS 0x0000000089700000| PB 0x0000000089700000| Untracked |  0
|  84|0x0000000089800000, 0x0000000089800000, 0x0000000089900000|  0%| F|  |TAMS 0x0000000089800000| PB 0x0000000089800000| Untracked |  0
|  85|0x0000000089900000, 0x0000000089900000, 0x0000000089a00000|  0%| F|  |TAMS 0x0000000089900000| PB 0x0000000089900000| Untracked |  0
|  86|0x0000000089a00000, 0x0000000089a00000, 0x0000000089b00000|  0%| F|  |TAMS 0x0000000089a00000| PB 0x0000000089a00000| Untracked |  0
|  87|0x0000000089b00000, 0x0000000089b00000, 0x0000000089c00000|  0%| F|  |TAMS 0x0000000089b00000| PB 0x0000000089b00000| Untracked |  0
|  88|0x0000000089c00000, 0x0000000089c00000, 0x0000000089d00000|  0%| F|  |TAMS 0x0000000089c00000| PB 0x0000000089c00000| Untracked |  0
|  89|0x0000000089d00000, 0x0000000089d00000, 0x0000000089e00000|  0%| F|  |TAMS 0x0000000089d00000| PB 0x0000000089d00000| Untracked |  0
|  90|0x0000000089e00000, 0x0000000089e00000, 0x0000000089f00000|  0%| F|  |TAMS 0x0000000089e00000| PB 0x0000000089e00000| Untracked |  0
|  91|0x0000000089f00000, 0x0000000089f00000, 0x000000008a000000|  0%| F|  |TAMS 0x0000000089f00000| PB 0x0000000089f00000| Untracked |  0
|  92|0x000000008a000000, 0x000000008a000000, 0x000000008a100000|  0%| F|  |TAMS 0x000000008a000000| PB 0x000000008a000000| Untracked |  0
|  93|0x000000008a100000, 0x000000008a100000, 0x000000008a200000|  0%| F|  |TAMS 0x000000008a100000| PB 0x000000008a100000| Untracked |  0
|  94|0x000000008a200000, 0x000000008a200000, 0x000000008a300000|  0%| F|  |TAMS 0x000000008a200000| PB 0x000000008a200000| Untracked |  0
|  95|0x000000008a300000, 0x000000008a300000, 0x000000008a400000|  0%| F|  |TAMS 0x000000008a300000| PB 0x000000008a300000| Untracked |  0
|  96|0x000000008a400000, 0x000000008a400000, 0x000000008a500000|  0%| F|  |TAMS 0x000000008a400000| PB 0x000000008a400000| Untracked |  0
|  97|0x000000008a500000, 0x000000008a500000, 0x000000008a600000|  0%| F|  |TAMS 0x000000008a500000| PB 0x000000008a500000| Untracked |  0
|  98|0x000000008a600000, 0x000000008a600000, 0x000000008a700000|  0%| F|  |TAMS 0x000000008a600000| PB 0x000000008a600000| Untracked |  0
|  99|0x000000008a700000, 0x000000008a700000, 0x000000008a800000|  0%| F|  |TAMS 0x000000008a700000| PB 0x000000008a700000| Untracked |  0
| 100|0x000000008a800000, 0x000000008a800000, 0x000000008a900000|  0%| F|  |TAMS 0x000000008a800000| PB 0x000000008a800000| Untracked |  0
| 101|0x000000008a900000, 0x000000008a900000, 0x000000008aa00000|  0%| F|  |TAMS 0x000000008a900000| PB 0x000000008a900000| Untracked |  0
| 102|0x000000008aa00000, 0x000000008aa00000, 0x000000008ab00000|  0%| F|  |TAMS 0x000000008aa00000| PB 0x000000008aa00000| Untracked |  0
| 103|0x000000008ab00000, 0x000000008ab00000, 0x000000008ac00000|  0%| F|  |TAMS 0x000000008ab00000| PB 0x000000008ab00000| Untracked |  0
| 104|0x000000008ac00000, 0x000000008ac00000, 0x000000008ad00000|  0%| F|  |TAMS 0x000000008ac00000| PB 0x000000008ac00000| Untracked |  0
| 105|0x000000008ad00000, 0x000000008ad00000, 0x000000008ae00000|  0%| F|  |TAMS 0x000000008ad00000| PB 0x000000008ad00000| Untracked |  0
| 106|0x000000008ae00000, 0x000000008ae00000, 0x000000008af00000|  0%| F|  |TAMS 0x000000008ae00000| PB 0x000000008ae00000| Untracked |  0
| 107|0x000000008af00000, 0x000000008af00000, 0x000000008b000000|  0%| F|  |TAMS 0x000000008af00000| PB 0x000000008af00000| Untracked |  0
| 108|0x000000008b000000, 0x000000008b000000, 0x000000008b100000|  0%| F|  |TAMS 0x000000008b000000| PB 0x000000008b000000| Untracked |  0
| 109|0x000000008b100000, 0x000000008b100000, 0x000000008b200000|  0%| F|  |TAMS 0x000000008b100000| PB 0x000000008b100000| Untracked |  0
| 110|0x000000008b200000, 0x000000008b200000, 0x000000008b300000|  0%| F|  |TAMS 0x000000008b200000| PB 0x000000008b200000| Untracked |  0
| 111|0x000000008b300000, 0x000000008b300000, 0x000000008b400000|  0%| F|  |TAMS 0x000000008b300000| PB 0x000000008b300000| Untracked |  0
| 112|0x000000008b400000, 0x000000008b4f68a8, 0x000000008b500000| 96%| E|  |TAMS 0x000000008b400000| PB 0x000000008b400000| Complete |  0
| 113|0x000000008b500000, 0x000000008b600000, 0x000000008b600000|100%| E|CS|TAMS 0x000000008b500000| PB 0x000000008b500000| Complete |  0
| 114|0x000000008b600000, 0x000000008b700000, 0x000000008b700000|100%| E|CS|TAMS 0x000000008b600000| PB 0x000000008b600000| Complete |  0
| 115|0x000000008b700000, 0x000000008b800000, 0x000000008b800000|100%| E|CS|TAMS 0x000000008b700000| PB 0x000000008b700000| Complete |  0
| 116|0x000000008b800000, 0x000000008b900000, 0x000000008b900000|100%| E|CS|TAMS 0x000000008b800000| PB 0x000000008b800000| Complete |  0
| 117|0x000000008b900000, 0x000000008ba00000, 0x000000008ba00000|100%| E|CS|TAMS 0x000000008b900000| PB 0x000000008b900000| Complete |  0
| 118|0x000000008ba00000, 0x000000008bb00000, 0x000000008bb00000|100%| E|CS|TAMS 0x000000008ba00000| PB 0x000000008ba00000| Complete |  0
| 119|0x000000008bb00000, 0x000000008bc00000, 0x000000008bc00000|100%| E|CS|TAMS 0x000000008bb00000| PB 0x000000008bb00000| Complete |  0
| 120|0x000000008bc00000, 0x000000008bd00000, 0x000000008bd00000|100%| E|CS|TAMS 0x000000008bc00000| PB 0x000000008bc00000| Complete |  0
| 121|0x000000008bd00000, 0x000000008be00000, 0x000000008be00000|100%| E|CS|TAMS 0x000000008bd00000| PB 0x000000008bd00000| Complete |  0
| 122|0x000000008be00000, 0x000000008bf00000, 0x000000008bf00000|100%| E|CS|TAMS 0x000000008be00000| PB 0x000000008be00000| Complete |  0
| 123|0x000000008bf00000, 0x000000008c000000, 0x000000008c000000|100%| E|CS|TAMS 0x000000008bf00000| PB 0x000000008bf00000| Complete |  0

Card table byte_map: [0x00000165772c0000,0x00000165776a0000] _byte_map_base: 0x0000016576e9e000

Marking Bits: (CMBitMap*) 0x000001656e4c0e00
 Bits: [0x00000165776a0000, 0x0000016579590000)

Polling page: 0x000001656c410000

Metaspace:

Usage:
  Non-class:      7.30 MB used.
      Class:    929.17 KB used.
       Both:      8.21 MB used.

Virtual space:
  Non-class space:       64.00 MB reserved,       7.44 MB ( 12%) committed,  1 nodes.
      Class space:        1.00 GB reserved,       1.00 MB ( <1%) committed,  1 nodes.
             Both:        1.06 GB reserved,       8.44 MB ( <1%) committed. 

Chunk freelists:
   Non-Class:  8.44 MB
       Class:  15.02 MB
        Both:  23.46 MB

MaxMetaspaceSize: unlimited
CompressedClassSpaceSize: 1.00 GB
Initial GC threshold: 21.00 MB
Current GC threshold: 21.00 MB
CDS: on
 - commit_granule_bytes: 65536.
 - commit_granule_words: 8192.
 - virtual_space_node_default_size: 8388608.
 - enlarge_chunks_in_place: 1.
 - use_allocation_guard: 0.


Internal statistics:

num_allocs_failed_limit: 0.
num_arena_births: 176.
num_arena_deaths: 0.
num_vsnodes_births: 2.
num_vsnodes_deaths: 0.
num_space_committed: 135.
num_space_uncommitted: 0.
num_chunks_returned_to_freelist: 0.
num_chunks_taken_from_freelist: 282.
num_chunk_merges: 0.
num_chunk_splits: 179.
num_chunks_enlarged: 106.
num_inconsistent_stats: 0.

CodeHeap 'non-profiled nmethods': size=120064Kb used=342Kb max_used=342Kb free=119721Kb
 bounds [0x0000016507ac0000, 0x0000016507d30000, 0x000001650f000000]
CodeHeap 'profiled nmethods': size=120000Kb used=1518Kb max_used=1518Kb free=118481Kb
 bounds [0x0000016500000000, 0x0000016500270000, 0x0000016507530000]
CodeHeap 'non-nmethods': size=5696Kb used=1500Kb max_used=1500Kb free=4196Kb
 bounds [0x0000016507530000, 0x00000165077a0000, 0x0000016507ac0000]
CodeCache: size=245760Kb, used=3360Kb, max_used=3360Kb, free=242398Kb
 total_blobs=1760, nmethods=1170, adapters=496, full_count=0
Compilation: enabled, stopped_count=0, restarted_count=0

Compilation events (20 events):
Event: 0.543 Thread 0x000001655404ffa0 1120       1       java.util.zip.ZipEntry::getSize (5 bytes)
Event: 0.543 Thread 0x000001655404ffa0 nmethod 1120 0x0000016507b12808 code [0x0000016507b12920, 0x0000016507b129e8]
Event: 0.544 Thread 0x0000016554046340 nmethod 1116 0x0000016507b12b08 code [0x0000016507b12c00, 0x0000016507b12f40]
Event: 0.544 Thread 0x0000016554046340 1117       4       jdk.internal.org.objectweb.asm.ByteVector::putShort (52 bytes)
Event: 0.545 Thread 0x0000016554046340 nmethod 1117 0x0000016507b12f88 code [0x0000016507b130a0, 0x0000016507b131f0]
Event: 0.545 Thread 0x000001655404ffa0 1121       3       java.io.File::isInvalid (47 bytes)
Event: 0.545 Thread 0x000001655404ffa0 nmethod 1121 0x0000016500168988 code [0x0000016500168ac0, 0x0000016500168d50]
Event: 0.556 Thread 0x000001655404ffa0 1122  s    3       jdk.internal.loader.Resource::cachedInputStream (20 bytes)
Event: 0.557 Thread 0x000001655404ffa0 nmethod 1122 0x0000016500168d88 code [0x0000016500168ec0, 0x0000016500169288]
Event: 0.562 Thread 0x000001655404ffa0 1124       3       jdk.internal.loader.BuiltinClassLoader::findLoadedModule (33 bytes)
Event: 0.562 Thread 0x000001655404ffa0 nmethod 1124 0x0000016500169308 code [0x00000165001694a0, 0x0000016500169ab8]
Event: 0.569 Thread 0x000001655404ffa0 1125       3       sun.invoke.util.VerifyAccess::ensureTypeVisible (47 bytes)
Event: 0.570 Thread 0x000001655404ffa0 nmethod 1125 0x0000016500169b08 code [0x0000016500169c60, 0x000001650016a040]
Event: 0.570 Thread 0x000001655404ffa0 1126       3       sun.invoke.util.BytecodeDescriptor::unparse (24 bytes)
Event: 0.570 Thread 0x000001655404ffa0 nmethod 1126 0x000001650016a088 code [0x000001650016a1c0, 0x000001650016a3b8]
Event: 0.570 Thread 0x0000016554046340 1127 % !   4       java.util.concurrent.ConcurrentHashMap::transfer @ 96 (849 bytes)
Event: 0.571 Thread 0x000001655404ffa0 1128       3       java.lang.invoke.MethodHandles$Lookup::checkSymbolicClass (25 bytes)
Event: 0.571 Thread 0x000001655404ffa0 nmethod 1128 0x000001650016a408 code [0x000001650016a560, 0x000001650016a7d8]
Event: 0.571 Thread 0x000001655404ffa0 1129       3       java.lang.invoke.MethodType::changeReturnType (20 bytes)
Event: 0.571 Thread 0x000001655404ffa0 nmethod 1129 0x000001650016a808 code [0x000001650016a940, 0x000001650016ab00]

GC Heap History (0 events):
No events

Dll operation events (11 events):
Event: 0.006 Loaded shared library C:\Program Files\Java\jdk-23\bin\java.dll
Event: 0.029 Loaded shared library C:\Program Files\Java\jdk-23\bin\jsvml.dll
Event: 0.047 Loaded shared library C:\Program Files\Java\jdk-23\bin\net.dll
Event: 0.049 Loaded shared library C:\Program Files\Java\jdk-23\bin\nio.dll
Event: 0.052 Loaded shared library C:\Program Files\Java\jdk-23\bin\zip.dll
Event: 0.089 Loaded shared library C:\Program Files\Java\jdk-23\bin\jimage.dll
Event: 0.093 Loaded shared library C:\Program Files\Java\jdk-23\bin\awt.dll
Event: 0.228 Loaded shared library C:\Program Files\Java\jdk-23\bin\freetype.dll
Event: 0.230 Loaded shared library C:\Program Files\Java\jdk-23\bin\fontmanager.dll
Event: 0.288 Loaded shared library C:\Program Files\Java\jdk-23\bin\verify.dll
Event: 0.519 Loaded shared library C:\Users\crist\AppData\Local\Temp\sqlite-3.45.2.0-c5e44898-a32f-42f1-b49b-a8fb17b908fe-sqlitejdbc.dll

Deoptimization events (20 events):
Event: 0.371 Thread 0x0000016555286180 DEOPT PACKING pc=0x0000016507afb0c8 sp=0x00000028aeefdfa0
Event: 0.371 Thread 0x0000016555286180 DEOPT UNPACKING pc=0x0000016507584402 sp=0x00000028aeefdf00 mode 2
Event: 0.403 Thread 0x0000016555286180 Uncommon trap: trap_request=0xffffffc6 fr.pc=0x0000016507af7d9c relative=0x00000000000003bc
Event: 0.403 Thread 0x0000016555286180 Uncommon trap: reason=bimorphic_or_optimized_type_check action=maybe_recompile pc=0x0000016507af7d9c method=java.util.concurrent.ConcurrentHashMap.get(Ljava/lang/Object;)Ljava/lang/Object; @ 149 c2
Event: 0.403 Thread 0x0000016555286180 DEOPT PACKING pc=0x0000016507af7d9c sp=0x00000028aeefd150
Event: 0.403 Thread 0x0000016555286180 DEOPT UNPACKING pc=0x0000016507584402 sp=0x00000028aeefd0d0 mode 2
Event: 0.456 Thread 0x0000016555286180 DEOPT PACKING pc=0x000001650014a02f sp=0x00000028aeefe350
Event: 0.456 Thread 0x0000016555286180 DEOPT UNPACKING pc=0x0000016507584b22 sp=0x00000028aeefd858 mode 0
Event: 0.501 Thread 0x0000016555286180 Uncommon trap: trap_request=0xffffff45 fr.pc=0x0000016507b101dc relative=0x0000000000000b5c
Event: 0.501 Thread 0x0000016555286180 Uncommon trap: reason=unstable_if action=reinterpret pc=0x0000016507b101dc method=org.sqlite.SQLiteJDBCLoader.contentsEquals(Ljava/io/InputStream;Ljava/io/InputStream;)Z @ 39 c2
Event: 0.501 Thread 0x0000016555286180 DEOPT PACKING pc=0x0000016507b101dc sp=0x00000028aeefe360
Event: 0.501 Thread 0x0000016555286180 DEOPT UNPACKING pc=0x0000016507584402 sp=0x00000028aeefe358 mode 2
Event: 0.538 Thread 0x0000016555286180 Uncommon trap: trap_request=0xffffffde fr.pc=0x0000016507b04ec8 relative=0x00000000000002e8
Event: 0.538 Thread 0x0000016555286180 Uncommon trap: reason=class_check action=maybe_recompile pc=0x0000016507b04ec8 method=java.util.regex.Pattern$BmpCharPropertyGreedy.match(Ljava/util/regex/Matcher;ILjava/lang/CharSequence;)Z @ 26 c2
Event: 0.538 Thread 0x0000016555286180 DEOPT PACKING pc=0x0000016507b04ec8 sp=0x00000028aeefe260
Event: 0.538 Thread 0x0000016555286180 DEOPT UNPACKING pc=0x0000016507584402 sp=0x00000028aeefe228 mode 2
Event: 0.538 Thread 0x0000016555286180 Uncommon trap: trap_request=0xffffffde fr.pc=0x0000016507b04ec8 relative=0x00000000000002e8
Event: 0.538 Thread 0x0000016555286180 Uncommon trap: reason=class_check action=maybe_recompile pc=0x0000016507b04ec8 method=java.util.regex.Pattern$BmpCharPropertyGreedy.match(Ljava/util/regex/Matcher;ILjava/lang/CharSequence;)Z @ 26 c2
Event: 0.538 Thread 0x0000016555286180 DEOPT PACKING pc=0x0000016507b04ec8 sp=0x00000028aeefe0d0
Event: 0.538 Thread 0x0000016555286180 DEOPT UNPACKING pc=0x0000016507584402 sp=0x00000028aeefe098 mode 2

Classes loaded (20 events):
Event: 0.564 Loading class sun/awt/AWTAccessor$WindowAccessor done
Event: 0.564 Loading class java/awt/Window$1 done
Event: 0.564 Loading class java/awt/Frame$1
Event: 0.564 Loading class sun/awt/AWTAccessor$FrameAccessor
Event: 0.564 Loading class sun/awt/AWTAccessor$FrameAccessor done
Event: 0.564 Loading class java/awt/Frame$1 done
Event: 0.564 Loading class java/awt/ComponentOrientation
Event: 0.564 Loading class java/awt/ComponentOrientation done
Event: 0.564 Loading class java/awt/Component$3
Event: 0.564 Loading class java/awt/Component$3 done
Event: 0.564 Loading class java/awt/GridBagConstraints
Event: 0.565 Loading class java/awt/GridBagConstraints done
Event: 0.565 Loading class javax/swing/ImageIcon
Event: 0.565 Loading class javax/swing/ImageIcon done
Event: 0.572 Loading class java/awt/GraphicsDevice
Event: 0.572 Loading class java/awt/GraphicsDevice done
Event: 0.572 Loading class sun/java2d/d3d/D3DGraphicsDevice
Event: 0.575 Loading class sun/awt/Win32GraphicsDevice
Event: 0.575 Loading class sun/awt/Win32GraphicsDevice done
Event: 0.575 Loading class sun/java2d/d3d/D3DGraphicsDevice done

Classes unloaded (0 events):
No events

Classes redefined (0 events):
No events

Internal exceptions (16 events):
Event: 0.084 Thread 0x000001656c063b60 Exception <a 'java/lang/ClassNotFoundException'{0x000000008bd496c8}: sun/awt/resources/spi/awtProvider> (0x000000008bd496c8) 
thrown [s\open\src\hotspot\share\classfile\systemDictionary.cpp, line 313]
Event: 0.098 Thread 0x000001656c063b60 Exception <a 'java/io/FileNotFoundException'{0x000000008bd92a38}> (0x000000008bd92a38) 
thrown [s\open\src\hotspot\share\prims\jni.cpp, line 520]
Event: 0.103 Thread 0x000001656c063b60 Exception <a 'java/io/FileNotFoundException'{0x000000008bdc0dc8}> (0x000000008bdc0dc8) 
thrown [s\open\src\hotspot\share\prims\jni.cpp, line 520]
Event: 0.154 Thread 0x000001656c063b60 Exception <a 'java/lang/NoSuchMethodError'{0x000000008bc2d268}: 'void java.lang.invoke.DirectMethodHandle$Holder.invokeSpecial(java.lang.Object, java.lang.Object, java.lang.Object)'> (0x000000008bc2d268) 
thrown [s\open\src\hotspot\share\interpreter\linkResolver.cpp, line 796]
Event: 0.166 Thread 0x000001656c063b60 Exception <a 'java/lang/NoSuchMethodError'{0x000000008bc57b68}: 'void java.lang.invoke.DirectMethodHandle$Holder.invokeStatic(java.lang.Object, java.lang.Object)'> (0x000000008bc57b68) 
thrown [s\open\src\hotspot\share\interpreter\linkResolver.cpp, line 796]
Event: 0.175 Thread 0x000001656c063b60 Exception <a 'java/lang/NoSuchMethodError'{0x000000008bb28ba8}: 'java.lang.Object java.lang.invoke.DirectMethodHandle$Holder.invokeStatic(java.lang.Object, int, java.lang.Object)'> (0x000000008bb28ba8) 
thrown [s\open\src\hotspot\share\interpreter\linkResolver.cpp, line 796]
Event: 0.183 Thread 0x000001656c063b60 Exception <a 'java/lang/ClassNotFoundException'{0x000000008bb715b0}: com/sun/swing/internal/plaf/basic/resources/spi/basicProvider> (0x000000008bb715b0) 
thrown [s\open\src\hotspot\share\classfile\systemDictionary.cpp, line 313]
Event: 0.189 Thread 0x000001656c063b60 Exception <a 'java/lang/NoSuchMethodError'{0x000000008bb92080}: 'int java.lang.invoke.DirectMethodHandle$Holder.invokeStatic(java.lang.Object)'> (0x000000008bb92080) 
thrown [s\open\src\hotspot\share\interpreter\linkResolver.cpp, line 796]
Event: 0.291 Thread 0x0000016555286180 Exception <a 'java/lang/NoClassDefFoundError'{0x000000008b9df2c0}: org/slf4j/impl/StaticLoggerBinder> (0x000000008b9df2c0) 
thrown [s\open\src\hotspot\share\classfile\systemDictionary.cpp, line 302]
Event: 0.366 Thread 0x0000016555286180 Exception <a 'sun/nio/fs/WindowsException'{0x000000008b674390}> (0x000000008b674390) 
thrown [s\open\src\hotspot\share\prims\jni.cpp, line 520]
Event: 0.396 Thread 0x0000016555286180 Exception <a 'java/lang/NoSuchMethodError'{0x000000008b6deff8}: 'java.lang.Object java.lang.invoke.DirectMethodHandle$Holder.invokeStaticInit(java.lang.Object, int, int, int, int)'> (0x000000008b6deff8) 
thrown [s\open\src\hotspot\share\interpreter\linkResolver.cpp, line 796]
Event: 0.411 Thread 0x0000016555286180 Exception <a 'java/lang/NoSuchMethodError'{0x000000008b517758}: 'java.lang.Object java.lang.invoke.DirectMethodHandle$Holder.invokeStaticInit(java.lang.Object, java.lang.Object, int, int, int, int)'> (0x000000008b517758) 
thrown [s\open\src\hotspot\share\interpreter\linkResolver.cpp, line 796]
Event: 0.414 Thread 0x0000016555286180 Exception <a 'sun/nio/fs/WindowsException'{0x000000008b527a00}> (0x000000008b527a00) 
thrown [s\open\src\hotspot\share\prims\jni.cpp, line 520]
Event: 0.415 Thread 0x0000016555286180 Exception <a 'sun/nio/fs/WindowsException'{0x000000008b528b30}> (0x000000008b528b30) 
thrown [s\open\src\hotspot\share\prims\jni.cpp, line 520]
Event: 0.541 Thread 0x0000016555286180 Exception <a 'java/lang/NoSuchMethodError'{0x000000008b5b62f0}: 'java.lang.Object java.lang.invoke.DirectMethodHandle$Holder.newInvokeSpecial(java.lang.Object, java.lang.Object, long)'> (0x000000008b5b62f0) 
thrown [s\open\src\hotspot\share\interpreter\linkResolver.cpp, line 796]
Event: 0.541 Thread 0x0000016555286180 Exception <a 'java/lang/NoSuchMethodError'{0x000000008b5b9a40}: 'java.lang.Object java.lang.invoke.Invokers$Holder.linkToTargetMethod(java.lang.Object, long, java.lang.Object)'> (0x000000008b5b9a40) 
thrown [s\open\src\hotspot\share\interpreter\linkResolver.cpp, line 796]

VM Operations (12 events):
Event: 0.053 Executing VM operation: HandshakeAllThreads (Deoptimize)
Event: 0.053 Executing VM operation: HandshakeAllThreads (Deoptimize) done
Event: 0.150 Executing VM operation: HandshakeAllThreads (Deoptimize)
Event: 0.150 Executing VM operation: HandshakeAllThreads (Deoptimize) done
Event: 0.282 Executing VM operation: HandshakeAllThreads (Deoptimize)
Event: 0.282 Executing VM operation: HandshakeAllThreads (Deoptimize) done
Event: 0.302 Executing VM operation: HandshakeAllThreads (Deoptimize)
Event: 0.302 Executing VM operation: HandshakeAllThreads (Deoptimize) done
Event: 0.336 Executing VM operation: HandshakeAllThreads (Deoptimize)
Event: 0.336 Executing VM operation: HandshakeAllThreads (Deoptimize) done
Event: 0.373 Executing VM operation: HandshakeAllThreads (Deoptimize)
Event: 0.373 Executing VM operation: HandshakeAllThreads (Deoptimize) done

Memory protections (0 events):
No events

Nmethod flushes (0 events):
No events

Events (20 events):
Event: 0.027 Thread 0x000001656c063b60 Thread added: 0x00000165540144b0
Event: 0.027 Thread 0x000001656c063b60 Thread added: 0x0000016554014f10
Event: 0.027 Thread 0x000001656c063b60 Thread added: 0x000001657bbcd340
Event: 0.027 Thread 0x000001656c063b60 Thread added: 0x000001657bbcded0
Event: 0.027 Thread 0x000001656c063b60 Thread added: 0x0000016554018fa0
Event: 0.027 Thread 0x000001656c063b60 Thread added: 0x0000016554042b20
Event: 0.027 Thread 0x000001656c063b60 Thread added: 0x0000016554046340
Event: 0.027 Thread 0x000001656c063b60 Thread added: 0x000001655404ffa0
Event: 0.040 Thread 0x000001656c063b60 Thread added: 0x000001655419f500
Event: 0.042 Thread 0x000001656c063b60 Thread added: 0x00000165541a59a0
Event: 0.133 Thread 0x000001656c063b60 Thread added: 0x00000165543901f0
Event: 0.134 Thread 0x000001656c063b60 Thread added: 0x0000016554390d50
Event: 0.135 Thread 0x000001656c063b60 Thread added: 0x00000165543918f0
Event: 0.213 Thread 0x000001655404ffa0 Thread added: 0x00000165540521b0
Event: 0.216 Thread 0x000001655404ffa0 Thread added: 0x0000016554052880
Event: 0.276 Thread 0x000001656c063b60 Thread added: 0x0000016555286180
Event: 0.276 Thread 0x000001656c063b60 Thread exited: 0x000001656c063b60
Event: 0.276 Thread 0x000001656c063b60 Thread added: 0x000001656c063b60
Event: 0.537 Thread 0x0000016554052880 Thread exited: 0x0000016554052880
Event: 0.540 Thread 0x00000165540521b0 Thread exited: 0x00000165540521b0


Dynamic libraries:
0x00007ff61f880000 - 0x00007ff61f890000 	C:\Program Files\Java\jdk-23\bin\java.exe
0x00007ff821840000 - 0x00007ff821aa7000 	C:\WINDOWS\SYSTEM32\ntdll.dll
0x00007ff8205d0000 - 0x00007ff82069b000 	C:\WINDOWS\System32\KERNEL32.DLL
0x00007ff81ed70000 - 0x00007ff81f171000 	C:\WINDOWS\System32\KERNELBASE.dll
0x00007ff81f400000 - 0x00007ff81f54c000 	C:\WINDOWS\System32\ucrtbase.dll
0x00007fffeadf0000 - 0x00007fffeae0b000 	C:\Program Files\Java\jdk-23\bin\VCRUNTIME140.dll
0x00007fffd2b90000 - 0x00007fffd2ba7000 	C:\Program Files\Java\jdk-23\bin\jli.dll
0x00007ff8206c0000 - 0x00007ff820897000 	C:\WINDOWS\System32\USER32.dll
0x00007ff81f3d0000 - 0x00007ff81f3f7000 	C:\WINDOWS\System32\win32u.dll
0x00007ff8032a0000 - 0x00007ff803530000 	C:\WINDOWS\WinSxS\amd64_microsoft.windows.common-controls_6595b64144ccf1df_6.0.26100.9549_none_3e0a0396e3330090\COMCTL32.dll
0x00007ff820990000 - 0x00007ff8209bb000 	C:\WINDOWS\System32\GDI32.dll
0x00007ff81f5a0000 - 0x00007ff81f649000 	C:\WINDOWS\System32\msvcrt.dll
0x00007ff81eb00000 - 0x00007ff81ec28000 	C:\WINDOWS\System32\gdi32full.dll
0x00007ff81ec30000 - 0x00007ff81ecd3000 	C:\WINDOWS\System32\msvcp_win.dll
0x00007ff81f560000 - 0x00007ff81f591000 	C:\WINDOWS\System32\IMM32.DLL
0x00007ff80b2a0000 - 0x00007ff80b2ac000 	C:\Program Files\Java\jdk-23\bin\vcruntime140_1.dll
0x00007fff9d1d0000 - 0x00007fff9d25e000 	C:\Program Files\Java\jdk-23\bin\msvcp140.dll
0x00007fff2e680000 - 0x00007fff2f3d0000 	C:\Program Files\Java\jdk-23\bin\server\jvm.dll
0x00007ff81f650000 - 0x00007ff81f70b000 	C:\WINDOWS\System32\ADVAPI32.dll
0x00007ff8209c0000 - 0x00007ff820a68000 	C:\WINDOWS\System32\sechost.dll
0x00007ff8213a0000 - 0x00007ff8214b8000 	C:\WINDOWS\System32\RPCRT4.dll
0x00007ff821310000 - 0x00007ff821391000 	C:\WINDOWS\System32\WS2_32.dll
0x00007ff81e890000 - 0x00007ff81e8ee000 	C:\WINDOWS\SYSTEM32\POWRPROF.dll
0x00007ff815a30000 - 0x00007ff815a67000 	C:\WINDOWS\SYSTEM32\WINMM.dll
0x00007ff803c80000 - 0x00007ff803c8b000 	C:\WINDOWS\SYSTEM32\VERSION.dll
0x00007ff81e870000 - 0x00007ff81e885000 	C:\WINDOWS\SYSTEM32\UMPDC.dll
0x00007ff81d6e0000 - 0x00007ff81d6fb000 	C:\WINDOWS\SYSTEM32\kernel.appcore.dll
0x00007fffd2d40000 - 0x00007fffd2d4a000 	C:\Program Files\Java\jdk-23\bin\jimage.dll
0x00007ff81b910000 - 0x00007ff81bb5c000 	C:\WINDOWS\SYSTEM32\DBGHELP.DLL
0x00007ff820e70000 - 0x00007ff8211fa000 	C:\WINDOWS\System32\combase.dll
0x00007ff8208a0000 - 0x00007ff820979000 	C:\WINDOWS\System32\OLEAUT32.dll
0x00007ffffb700000 - 0x00007ffffb73b000 	C:\WINDOWS\SYSTEM32\dbgcore.DLL
0x00007ff81ea40000 - 0x00007ff81eaec000 	C:\WINDOWS\System32\bcryptPrimitives.dll
0x00007fffd3b10000 - 0x00007fffd3b2e000 	C:\Program Files\Java\jdk-23\bin\java.dll
0x00007ff821660000 - 0x00007ff8217fa000 	C:\WINDOWS\System32\ole32.dll
0x00007ff81fe20000 - 0x00007ff8205bc000 	C:\WINDOWS\System32\SHELL32.dll
0x00007ff81c4a0000 - 0x00007ff81cd4d000 	C:\WINDOWS\SYSTEM32\windows.storage.dll
0x00007ff820d70000 - 0x00007ff820e69000 	C:\WINDOWS\System32\SHCORE.dll
0x00007ff81f780000 - 0x00007ff81f7e6000 	C:\WINDOWS\System32\shlwapi.dll
0x00007ff81e950000 - 0x00007ff81e979000 	C:\WINDOWS\SYSTEM32\profapi.dll
0x00007fff78c90000 - 0x00007fff78d67000 	C:\Program Files\Java\jdk-23\bin\jsvml.dll
0x00007fffc3b40000 - 0x00007fffc3b50000 	C:\Program Files\Java\jdk-23\bin\net.dll
0x00007ff81dca0000 - 0x00007ff81dd0c000 	C:\WINDOWS\system32\mswsock.dll
0x00007fffa46d0000 - 0x00007fffa46e6000 	C:\Program Files\Java\jdk-23\bin\nio.dll
0x00007fffc5200000 - 0x00007fffc5217000 	C:\Program Files\Java\jdk-23\bin\zip.dll
0x00007fff2ffd0000 - 0x00007fff3015e000 	C:\Program Files\Java\jdk-23\bin\awt.dll
0x00007ff81b3b0000 - 0x00007ff81b44f000 	C:\WINDOWS\SYSTEM32\apphelp.dll
0x00007ff81b5b0000 - 0x00007ff81b657000 	C:\WINDOWS\system32\uxtheme.dll
0x00007ff8214c0000 - 0x00007ff82161c000 	C:\WINDOWS\System32\MSCTF.dll
0x00007ff81bb70000 - 0x00007ff81bb9e000 	C:\WINDOWS\system32\DWMAPI.DLL
0x00007fff989d0000 - 0x00007fff98a57000 	C:\Program Files\Java\jdk-23\bin\freetype.dll
0x00007fff667e0000 - 0x00007fff668b7000 	C:\Program Files\Java\jdk-23\bin\fontmanager.dll
0x00007fffa76d0000 - 0x00007fffa76e0000 	C:\Program Files\Java\jdk-23\bin\verify.dll
0x00007ff81df90000 - 0x00007ff81dfab000 	C:\WINDOWS\SYSTEM32\CRYPTSP.dll
0x00007ff81d640000 - 0x00007ff81d679000 	C:\WINDOWS\system32\rsaenh.dll
0x00007ff81dd50000 - 0x00007ff81dd84000 	C:\WINDOWS\SYSTEM32\USERENV.dll
0x00007ff81e920000 - 0x00007ff81e94a000 	C:\WINDOWS\SYSTEM32\bcrypt.dll
0x00007ff81dfb0000 - 0x00007ff81dfbc000 	C:\WINDOWS\SYSTEM32\CRYPTBASE.dll
0x00007ff81d160000 - 0x00007ff81d193000 	C:\WINDOWS\SYSTEM32\IPHLPAPI.DLL
0x00007ff820980000 - 0x00007ff82098a000 	C:\WINDOWS\System32\NSI.dll
0x00007fffeba70000 - 0x00007fffebb65000 	C:\Users\crist\AppData\Local\Temp\sqlite-3.45.2.0-c5e44898-a32f-42f1-b49b-a8fb17b908fe-sqlitejdbc.dll
0x00007fff2feb0000 - 0x00007fff2ffbc000 	C:\WINDOWS\system32\opengl32.dll
0x00007fff98270000 - 0x00007fff982a9000 	C:\WINDOWS\SYSTEM32\GLU32.dll
0x00007ff81bbb0000 - 0x00007ff81bbf4000 	C:\WINDOWS\SYSTEM32\dxcore.dll
0x00007ff81b2e0000 - 0x00007ff81b2e6000 	C:\Users\crist\AppData\Local\Temp\flatlaf.temp\flatlaf-windows-x86_64-903631803303000.dll

dbghelp: loaded successfully - version: 4.0.5 - missing functions: none
symbol engine: initialized successfully - sym options: 0x614 - pdb path: .;C:\Program Files\Java\jdk-23\bin;C:\WINDOWS\SYSTEM32;C:\WINDOWS\WinSxS\amd64_microsoft.windows.common-controls_6595b64144ccf1df_6.0.26100.9549_none_3e0a0396e3330090;C:\Program Files\Java\jdk-23\bin\server;C:\Users\crist\AppData\Local\Temp;C:\Users\crist\AppData\Local\Temp\flatlaf.temp

VM Arguments:
java_command: com.gimnasio.SistemaGimnasio
java_class_path (initial): C:\Users\crist\OneDrive\Documentos\_Organizado\Proyectos\SistemaGimnasio\Codigo\SISTEMA GIMNASIO\target\classes;C:\Users\crist\.m2\repository\com\formdev\flatlaf\3.4.1\flatlaf-3.4.1.jar;C:\Users\crist\.m2\repository\org\xerial\sqlite-jdbc\3.45.2.0\sqlite-jdbc-3.45.2.0.jar;C:\Users\crist\.m2\repository\org\slf4j\slf4j-api\1.7.36\slf4j-api-1.7.36.jar
Launcher Type: SUN_STANDARD

[Global flags]
     intx CICompilerCount                          = 4                                         {product} {ergonomic}
     uint ConcGCThreads                            = 2                                         {product} {ergonomic}
     uint G1ConcRefinementThreads                  = 8                                         {product} {ergonomic}
   size_t G1HeapRegionSize                         = 1048576                                   {product} {ergonomic}
   size_t InitialHeapSize                          = 130023424                                 {product} {ergonomic}
   size_t MarkStackSize                            = 4194304                                   {product} {ergonomic}
   size_t MarkStackSizeMax                         = 536870912                                 {product} {ergonomic}
   size_t MaxHeapSize                              = 2076180480                                {product} {ergonomic}
   size_t MaxNewSize                               = 1245708288                                {product} {ergonomic}
   size_t MinHeapDeltaBytes                        = 1048576                                   {product} {ergonomic}
   size_t MinHeapSize                              = 8388608                                   {product} {ergonomic}
    uintx NonNMethodCodeHeapSize                   = 5832704                                {pd product} {ergonomic}
    uintx NonProfiledCodeHeapSize                  = 122945536                              {pd product} {ergonomic}
    uintx ProfiledCodeHeapSize                     = 122880000                              {pd product} {ergonomic}
    uintx ReservedCodeCacheSize                    = 251658240                              {pd product} {ergonomic}
     bool SegmentedCodeCache                       = true                                      {product} {ergonomic}
   size_t SoftMaxHeapSize                          = 2076180480                             {manageable} {ergonomic}
     bool UseCompressedOops                        = true                           {product lp64_product} {ergonomic}
     bool UseG1GC                                  = true                                      {product} {ergonomic}
     bool UseLargePagesIndividualAllocation        = false                                  {pd product} {ergonomic}

Logging:
Log output configuration:
 #0: stdout all=warning uptime,level,tags foldmultilines=false
 #1: stderr all=off uptime,level,tags foldmultilines=false

Environment Variables:
JAVA_HOME=C:\Program Files\Java\jdk-23
PATH=C:\Python314\Scripts\;C:\Python314\;C:\Program Files\Common Files\Oracle\Java\javapath;C:\Program Files (x86)\Common Files\Oracle\Java\javapath;C:\Program Files (x86)\NVIDIA Corporation\PhysX\Common;C:\WINDOWS\system32;C:\WINDOWS;C:\WINDOWS\System32\Wbem;C:\WINDOWS\System32\WindowsPowerShell\v1.0\;C:\WINDOWS\System32\OpenSSH\;C:\Program Files\dotnet\;C:\Program Files\nodejs\;C:\ProgramData\chocolatey\bin;C:\Program Files\Git\cmd;C:\Users\crist\AppData\Local\Programs\Python\Python312\Scripts\;C:\Users\crist\AppData\Local\Programs\Python\Python312\;C:\Users\crist\AppData\Local\Programs\Python\Python313\Scripts\;C:\Users\crist\AppData\Local\Programs\Python\Python313\;C:\Users\crist\AppData\Local\Microsoft\WindowsApps;C:\Users\crist\AppData\Local\Programs\Microsoft VS Code\bin;C:\Users\crist\AppData\Roaming\npm;C:\Users\crist\AppData\Local\Muse Hub\lib;C:\Users\crist\AppData\Local\Programs\Antigravity IDE\bin;C:\Users\crist\Downloads\Herramientas\NetBeans\netbeans\bin\
USERNAME=crist
OS=Windows_NT
PROCESSOR_IDENTIFIER=Intel64 Family 6 Model 154 Stepping 4, GenuineIntel
TMP=C:\Users\crist\AppData\Local\Temp
TEMP=C:\Users\crist\AppData\Local\Temp




Periodic native trim disabled

---------------  S Y S T E M  ---------------

OS:
 Windows 11 , 64 bit Build 26100 (10.0.26100.9549)
OS uptime: 1 days 1:06 hours

CPU: total 8 (initial active 8) (4 cores per cpu, 2 threads per core) family 6 model 154 stepping 4 microcode 0x435, cx8, cmov, fxsr, ht, mmx, 3dnowpref, sse, sse2, sse3, ssse3, sse4.1, sse4.2, popcnt, lzcnt, tsc, tscinvbit, avx, avx2, aes, erms, clmul, bmi1, bmi2, adx, sha, fma, vzeroupper, clflush, clflushopt, clwb, serialize, rdtscp, rdpid, fsrm, gfni, f16c, pku, cet_ibt, cet_ss
Processor Information for processor 0
  Max Mhz: 1200, Current Mhz: 1200, Mhz Limit: 1200
Processor Information for processor 1
  Max Mhz: 1200, Current Mhz: 1200, Mhz Limit: 1200
Processor Information for processor 2
  Max Mhz: 1200, Current Mhz: 1200, Mhz Limit: 1200
Processor Information for processor 3
  Max Mhz: 1200, Current Mhz: 1200, Mhz Limit: 1200
Processor Information for processor 4
  Max Mhz: 900, Current Mhz: 900, Mhz Limit: 900
Processor Information for processor 5
  Max Mhz: 900, Current Mhz: 900, Mhz Limit: 900
Processor Information for processor 6
  Max Mhz: 900, Current Mhz: 900, Mhz Limit: 900
Processor Information for processor 7
  Max Mhz: 900, Current Mhz: 900, Mhz Limit: 900

Memory: 4k page, system-wide physical 7916M (3853M free)
TotalPageFile size 16108M (AvailPageFile size 4M)
current process WorkingSet (physical memory assigned to process): 78M, peak: 78M
current process commit charge ("private bytes"): 228M, peak: 228M

vm_info: Java HotSpot(TM) 64-Bit Server VM (23.0.2+7-58) for windows-amd64 JRE (23.0.2+7-58), built on 2024-11-29T09:34:55Z with MS VC++ 17.6 (VS2022)

END.
